Archive member included to satisfy reference by file (symbol)

/home/hohokam/.local/opt/xpack-arm-none-eabi-gcc-10.3.1-2.3/bin/../lib/gcc/arm-none-eabi/10.3.1/../../../../arm-none-eabi/lib/thumb/v7e-m/nofp/libstdc++_nano.a(del_ops.o)
                              CMakeFiles/STM32F405.elf.dir/STM32F405/STM32F405.cpp.obj (operator delete(void*, unsigned int))
/home/hohokam/.local/opt/xpack-arm-none-eabi-gcc-10.3.1-2.3/bin/../lib/gcc/arm-none-eabi/10.3.1/../../../../arm-none-eabi/lib/thumb/v7e-m/nofp/libstdc++_nano.a(new_op.o)
                              CMakeFiles/STM32F405.elf.dir/STM32F405/STM32F405.cpp.obj (operator new(unsigned int))
/home/hohokam/.local/opt/xpack-arm-none-eabi-gcc-10.3.1-2.3/bin/../lib/gcc/arm-none-eabi/10.3.1/../../../../arm-none-eabi/lib/thumb/v7e-m/nofp/libstdc++_nano.a(functexcept.o)
                              CMakeFiles/STM32F405.elf.dir/STM32F405/STM32F405.cpp.obj (std::__throw_bad_alloc())
/home/hohokam/.local/opt/xpack-arm-none-eabi-gcc-10.3.1-2.3/bin/../lib/gcc/arm-none-eabi/10.3.1/../../../../arm-none-eabi/lib/thumb/v7e-m/nofp/libstdc++_nano.a(snprintf_lite.o)
                              /home/hohokam/.local/opt/xpack-arm-none-eabi-gcc-10.3.1-2.3/bin/../lib/gcc/arm-none-eabi/10.3.1/../../../../arm-none-eabi/lib/thumb/v7e-m/nofp/libstdc++_nano.a(functexcept.o) (__gnu_cxx::__snprintf_lite(char*, unsigned int, char const*, std::__va_list))
/home/hohokam/.local/opt/xpack-arm-none-eabi-gcc-10.3.1-2.3/bin/../lib/gcc/arm-none-eabi/10.3.1/../../../../arm-none-eabi/lib/thumb/v7e-m/nofp/libstdc++_nano.a(del_op.o)
                              /home/hohokam/.local/opt/xpack-arm-none-eabi-gcc-10.3.1-2.3/bin/../lib/gcc/arm-none-eabi/10.3.1/../../../../arm-none-eabi/lib/thumb/v7e-m/nofp/libstdc++_nano.a(del_ops.o) (operator delete(void*))
/home/hohokam/.local/opt/xpack-arm-none-eabi-gcc-10.3.1-2.3/bin/../lib/gcc/arm-none-eabi/10.3.1/../../../../arm-none-eabi/lib/thumb/v7e-m/nofp/libstdc++_nano.a(new_handler.o)
                              /home/hohokam/.local/opt/xpack-arm-none-eabi-gcc-10.3.1-2.3/bin/../lib/gcc/arm-none-eabi/10.3.1/../../../../arm-none-eabi/lib/thumb/v7e-m/nofp/libstdc++_nano.a(new_op.o) (std::get_new_handler())
/home/hohokam/.local/opt/xpack-arm-none-eabi-gcc-10.3.1-2.3/bin/../lib/gcc/arm-none-eabi/10.3.1/../../../../arm-none-eabi/lib/thumb/v7e-m/nofp/libm.a(lib_a-sf_fmax.o)
                              CMakeFiles/STM32F405.elf.dir/STM32F405/control.cpp.obj (fmaxf)
/home/hohokam/.local/opt/xpack-arm-none-eabi-gcc-10.3.1-2.3/bin/../lib/gcc/arm-none-eabi/10.3.1/../../../../arm-none-eabi/lib/thumb/v7e-m/nofp/libm.a(lib_a-sf_fmin.o)
                              CMakeFiles/STM32F405.elf.dir/STM32F405/control.cpp.obj (fminf)
/home/hohokam/.local/opt/xpack-arm-none-eabi-gcc-10.3.1-2.3/bin/../lib/gcc/arm-none-eabi/10.3.1/../../../../arm-none-eabi/lib/thumb/v7e-m/nofp/libm.a(lib_a-sf_fpclassify.o)
                              /home/hohokam/.local/opt/xpack-arm-none-eabi-gcc-10.3.1-2.3/bin/../lib/gcc/arm-none-eabi/10.3.1/../../../../arm-none-eabi/lib/thumb/v7e-m/nofp/libm.a(lib_a-sf_fmax.o) (__fpclassifyf)
/home/hohokam/.local/opt/xpack-arm-none-eabi-gcc-10.3.1-2.3/bin/../lib/gcc/arm-none-eabi/10.3.1/thumb/v7e-m/nofp/libgcc.a(_arm_muldf3.o)
                              CMakeFiles/STM32F405.elf.dir/STM32F405/Power_read.cpp.obj (__aeabi_dmul)
/home/hohokam/.local/opt/xpack-arm-none-eabi-gcc-10.3.1-2.3/bin/../lib/gcc/arm-none-eabi/10.3.1/thumb/v7e-m/nofp/libgcc.a(_arm_mulsf3.o)
                              CMakeFiles/STM32F405.elf.dir/STM32F405/HTmotor.cpp.obj (__aeabi_fmul)
/home/hohokam/.local/opt/xpack-arm-none-eabi-gcc-10.3.1-2.3/bin/../lib/gcc/arm-none-eabi/10.3.1/thumb/v7e-m/nofp/libgcc.a(_arm_addsubdf3.o)
                              CMakeFiles/STM32F405.elf.dir/STM32F405/Power_read.cpp.obj (__aeabi_dadd)
/home/hohokam/.local/opt/xpack-arm-none-eabi-gcc-10.3.1-2.3/bin/../lib/gcc/arm-none-eabi/10.3.1/thumb/v7e-m/nofp/libgcc.a(_arm_muldivdf3.o)
                              CMakeFiles/STM32F405.elf.dir/STM32F405/xuc.cpp.obj (__aeabi_ddiv)
/home/hohokam/.local/opt/xpack-arm-none-eabi-gcc-10.3.1-2.3/bin/../lib/gcc/arm-none-eabi/10.3.1/thumb/v7e-m/nofp/libgcc.a(_arm_cmpdf2.o)
                              CMakeFiles/STM32F405.elf.dir/STM32F405/HTmotor.cpp.obj (__aeabi_dcmple)
/home/hohokam/.local/opt/xpack-arm-none-eabi-gcc-10.3.1-2.3/bin/../lib/gcc/arm-none-eabi/10.3.1/thumb/v7e-m/nofp/libgcc.a(_arm_truncdfsf2.o)
                              CMakeFiles/STM32F405.elf.dir/STM32F405/Power_read.cpp.obj (__aeabi_d2f)
/home/hohokam/.local/opt/xpack-arm-none-eabi-gcc-10.3.1-2.3/bin/../lib/gcc/arm-none-eabi/10.3.1/thumb/v7e-m/nofp/libgcc.a(_arm_addsubsf3.o)
                              CMakeFiles/STM32F405.elf.dir/STM32F405/HTmotor.cpp.obj (__aeabi_fsub)
/home/hohokam/.local/opt/xpack-arm-none-eabi-gcc-10.3.1-2.3/bin/../lib/gcc/arm-none-eabi/10.3.1/thumb/v7e-m/nofp/libgcc.a(_arm_muldivsf3.o)
[...]
Memory Configuration

Name             Origin             Length             Attributes
FLASH            0x0000000008000000 0x0000000000100000 xr
RAM              0x0000000020000000 0x0000000000020000 xrw
CCM              0x0000000010000000 0x0000000000010000 xrw
*default*        0x0000000000000000 0xffffffffffffffff

Linker script and memory map

LOAD /home/hohokam/.local/opt/xpack-arm-none-eabi-gcc-10.3.1-2.3/bin/../lib/gcc/arm-none-eabi/10.3.1/thumb/v7e-m/nofp/crti.o
LOAD /home/hohokam/.local/opt/xpack-arm-none-eabi-gcc-10.3.1-2.3/bin/../lib/gcc/arm-none-eabi/10.3.1/thumb/v7e-m/nofp/crtbegin.o
LOAD /home/hohokam/.local/opt/xpack-arm-none-eabi-gcc-10.3.1-2.3/bin/../lib/gcc/arm-none-eabi/10.3.1/../../../../arm-none-eabi/lib/thumb/v7e-m/nofp/crt0.o
LOAD CMakeFiles/STM32F405.elf.dir/STM32F405/CRC.cpp.obj
LOAD CMakeFiles/STM32F405.elf.dir/STM32F405/HTmotor.cpp.obj
LOAD CMakeFiles/STM32F405.elf.dir/STM32F405/Power_read.cpp.obj
LOAD CMakeFiles/STM32F405.elf.dir/STM32F405/RC.cpp.obj
LOAD CMakeFiles/STM32F405.elf.dir/STM32F405/STM32F405.cpp.obj
LOAD CMakeFiles/STM32F405.elf.dir/STM32F405/can.cpp.obj
LOAD CMakeFiles/STM32F405.elf.dir/STM32F405/control.cpp.obj
LOAD CMakeFiles/STM32F405.elf.dir/STM32F405/gpio.cpp.obj
LOAD CMakeFiles/STM32F405.elf.dir/STM32F405/imu.cpp.obj
LOAD CMakeFiles/STM32F405.elf.dir/STM32F405/judgement.cpp.obj
LOAD CMakeFiles/STM32F405.elf.dir/STM32F405/label.cpp.obj
LOAD CMakeFiles/STM32F405.elf.dir/STM32F405/motor.cpp.obj
LOAD CMakeFiles/STM32F405.elf.dir/STM32F405/supercap.cpp.obj
LOAD CMakeFiles/STM32F405.elf.dir/STM32F405/system_stm32f4xx.c.obj
LOAD CMakeFiles/STM32F405.elf.dir/STM32F405/taskslist.cpp.obj
LOAD CMakeFiles/STM32F405.elf.dir/STM32F405/tim.cpp.obj
LOAD CMakeFiles/STM32F405.elf.dir/STM32F405/usart.cpp.obj
LOAD CMakeFiles/STM32F405.elf.dir/STM32F405/xuc.cpp.obj
LOAD CMakeFiles/STM32F405.elf.dir/ThirdParty/FreeRTOS/Source/croutine.c.obj
LOAD CMakeFiles/STM32F405.elf.dir/ThirdParty/FreeRTOS/Source/event_groups.c.obj
LOAD CMakeFiles/STM32F405.elf.dir/ThirdParty/FreeRTOS/Source/list.c.obj
LOAD CMakeFiles/STM32F405.elf.dir/ThirdParty/FreeRTOS/Source/queue.c.obj
LOAD CMakeFiles/STM32F405.elf.dir/ThirdParty/FreeRTOS/Source/tasks.c.obj
LOAD CMakeFiles/STM32F405.elf.dir/ThirdParty/FreeRTOS/Source/timers.c.obj
LOAD CMakeFiles/STM32F405.elf.dir/ThirdParty/FreeRTOS/Source/CMSIS_RTOS/cmsis_os.c.obj
LOAD CMakeFiles/STM32F405.elf.dir/ThirdParty/FreeRTOS/Source/portable/GCC/ARM_CM3/port.c.obj
LOAD CMakeFiles/STM32F405.elf.dir/ThirdParty/FreeRTOS/Source/portable/MemMang/heap_4.c.obj
LOAD CMakeFiles/STM32F405.elf.dir/ThirdParty/STM32F4xx_HAL/Src/stm32f4xx_hal.c.obj
LOAD CMakeFiles/STM32F405.elf.dir/ThirdParty/STM32F4xx_HAL/Src/stm32f4xx_hal_adc.c.obj
LOAD CMakeFiles/STM32F405.elf.dir/ThirdParty/STM32F4xx_HAL/Src/stm32f4xx_hal_adc_ex.c.obj
LOAD CMakeFiles/STM32F405.elf.dir/ThirdParty/STM32F4xx_HAL/Src/stm32f4xx_hal_can.c.obj
LOAD CMakeFiles/STM32F405.elf.dir/ThirdParty/STM32F4xx_HAL/Src/stm32f4xx_hal_cec.c.obj
LOAD CMakeFiles/STM32F405.elf.dir/ThirdParty/STM32F4xx_HAL/Src/stm32f4xx_hal_cortex.c.obj
LOAD CMakeFiles/STM32F405.elf.dir/ThirdParty/STM32F4xx_HAL/Src/stm32f4xx_hal_crc.c.obj
LOAD CMakeFiles/STM32F405.elf.dir/ThirdParty/STM32F4xx_HAL/Src/stm32f4xx_hal_cryp.c.obj
LOAD CMakeFiles/STM32F405.elf.dir/ThirdParty/STM32F4xx_HAL/Src/stm32f4xx_hal_cryp_ex.c.obj
LOAD CMakeFiles/STM32F405.elf.dir/ThirdParty/STM32F4xx_HAL/Src/stm32f4xx_hal_dac.c.obj
LOAD CMakeFiles/STM32F405.elf.dir/ThirdParty/STM32F4xx_HAL/Src/stm32f4xx_hal_dac_ex.c.obj
LOAD CMakeFiles/STM32F405.elf.dir/ThirdParty/STM32F4xx_HAL/Src/stm32f4xx_hal_dcmi.c.obj
LOAD CMakeFiles/STM32F405.elf.dir/ThirdParty/STM32F4xx_HAL/Src/stm32f4xx_hal_dcmi_ex.c.obj
LOAD CMakeFiles/STM32F405.elf.dir/ThirdParty/STM32F4xx_HAL/Src/stm32f4xx_hal_dma.c.obj
LOAD CMakeFiles/STM32F405.elf.dir/ThirdParty/STM32F4xx_HAL/Src/stm32f4xx_hal_dma2d.c.obj
LOAD CMakeFiles/STM32F405.elf.dir/ThirdParty/STM32F4xx_HAL/Src/stm32f4xx_hal_dma_ex.c.obj
LOAD CMakeFiles/STM32F405.elf.dir/ThirdParty/STM32F4xx_HAL/Src/stm32f4xx_hal_dsi.c.obj
LOAD CMakeFiles/STM32F405.elf.dir/ThirdParty/STM32F4xx_HAL/Src/stm32f4xx_hal_eth.c.obj
LOAD CMakeFiles/STM32F405.elf.dir/ThirdParty/STM32F4xx_HAL/Src/stm32f4xx_hal_flash.c.obj
LOAD CMakeFiles/STM32F405.elf.dir/ThirdParty/STM32F4xx_HAL/Src/stm32f4xx_hal_flash_ex.c.obj
LOAD CMakeFiles/STM32F405.elf.dir/ThirdParty/STM32F4xx_HAL/Src/stm32f4xx_hal_flash_ramfunc.c.obj
LOAD CMakeFiles/STM32F405.elf.dir/ThirdParty/STM32F4xx_HAL/Src/stm32f4xx_hal_fmpi2c.c.obj
LOAD CMakeFiles/STM32F405.elf.dir/ThirdParty/STM32F4xx_HAL/Src/stm32f4xx_hal_fmpi2c_ex.c.obj
LOAD CMakeFiles/STM32F405.elf.dir/ThirdParty/STM32F4xx_HAL/Src/stm32f4xx_hal_gpio.c.obj
LOAD CMakeFiles/STM32F405.elf.dir/ThirdParty/STM32F4xx_HAL/Src/stm32f4xx_hal_hash.c.obj
LOAD CMakeFiles/STM32F405.elf.dir/ThirdParty/STM32F4xx_HAL/Src/stm32f4xx_hal_hash_ex.c.obj
LOAD CMakeFiles/STM32F405.elf.dir/ThirdParty/STM32F4xx_HAL/Src/stm32f4xx_hal_hcd.c.obj
LOAD CMakeFiles/STM32F405.elf.dir/ThirdParty/STM32F4xx_HAL/Src/stm32f4xx_hal_i2c.c.obj
LOAD CMakeFiles/STM32F405.elf.dir/ThirdParty/STM32F4xx_HAL/Src/stm32f4xx_hal_i2c_ex.c.obj
LOAD CMakeFiles/STM32F405.elf.dir/ThirdParty/STM32F4xx_HAL/Src/stm32f4xx_hal_i2s.c.obj
LOAD CMakeFiles/STM32F405.elf.dir/ThirdParty/STM32F4xx_HAL/Src/stm32f4xx_hal_i2s_ex.c.obj
LOAD CMakeFiles/STM32F405.elf.dir/ThirdParty/STM32F4xx_HAL/Src/stm32f4xx_hal_irda.c.obj
LOAD CMakeFiles/STM32F405.elf.dir/ThirdParty/STM32F4xx_HAL/Src/stm32f4xx_hal_iwdg.c.obj
LOAD CMakeFiles/STM32F405.elf.dir/ThirdParty/STM32F4xx_HAL/Src/stm32f4xx_hal_lptim.c.obj
LOAD CMakeFiles/STM32F405.elf.dir/ThirdParty/STM32F4xx_HAL/Src/stm32f4xx_hal_ltdc.c.obj
LOAD CMakeFiles/STM32F405.elf.dir/ThirdParty/STM32F4xx_HAL/Src/stm32f4xx_hal_ltdc_ex.c.obj
LOAD CMakeFiles/STM32F405.elf.dir/ThirdParty/STM32F4xx_HAL/Src/stm32f4xx_hal_nand.c.obj
LOAD CMakeFiles/STM32F405.elf.dir/ThirdParty/STM32F4xx_HAL/Src/stm32f4xx_hal_nor.c.obj
LOAD CMakeFiles/STM32F405.elf.dir/ThirdParty/STM32F4xx_HAL/Src/stm32f4xx_hal_pccard.c.obj
LOAD CMakeFiles/STM32F405.elf.dir/ThirdParty/STM32F4xx_HAL/Src/stm32f4xx_hal_pcd.c.obj
LOAD CMakeFiles/STM32F405.elf.dir/ThirdParty/STM32F4xx_HAL/Src/stm32f4xx_hal_pcd_ex.c.obj
LOAD CMakeFiles/STM32F405.elf.dir/ThirdParty/STM32F4xx_HAL/Src/stm32f4xx_hal_pwr.c.obj
LOAD CMakeFiles/STM32F405.elf.dir/ThirdParty/STM32F4xx_HAL/Src/stm32f4xx_hal_pwr_ex.c.obj
LOAD CMakeFiles/STM32F405.elf.dir/ThirdParty/STM32F4xx_HAL/Src/stm32f4xx_hal_qspi.c.obj
LOAD CMakeFiles/STM32F405.elf.dir/ThirdParty/STM32F4xx_HAL/Src/stm32f4xx_hal_rcc.c.obj
LOAD CMakeFiles/STM32F405.elf.dir/ThirdParty/STM32F4xx_HAL/Src/stm32f4xx_hal_rcc_ex.c.obj
LOAD CMakeFiles/STM32F405.elf.dir/ThirdParty/STM32F4xx_HAL/Src/stm32f4xx_hal_rng.c.obj
LOAD CMakeFiles/STM32F405.elf.dir/ThirdParty/STM32F4xx_HAL/Src/stm32f4xx_hal_rtc.c.obj
LOAD CMakeFiles/STM32F405.elf.dir/ThirdParty/STM32F4xx_HAL/Src/stm32f4xx_hal_rtc_ex.c.obj
LOAD CMakeFiles/STM32F405.elf.dir/ThirdParty/STM32F4xx_HAL/Src/stm32f4xx_hal_sai.c.obj
LOAD CMakeFiles/STM32F405.elf.dir/ThirdParty/STM32F4xx_HAL/Src/stm32f4xx_hal_sai_ex.c.obj
LOAD CMakeFiles/STM32F405.elf.dir/ThirdParty/STM32F4xx_HAL/Src/stm32f4xx_hal_sd.c.obj
LOAD CMakeFiles/STM32F405.elf.dir/ThirdParty/STM32F4xx_HAL/Src/stm32f4xx_hal_sdram.c.obj
LOAD CMakeFiles/STM32F405.elf.dir/ThirdParty/STM32F4xx_HAL/Src/stm32f4xx_hal_smartcard.c.obj
LOAD CMakeFiles/STM32F405.elf.dir/ThirdParty/STM32F4xx_HAL/Src/stm32f4xx_hal_spdifrx.c.obj
LOAD CMakeFiles/STM32F405.elf.dir/ThirdParty/STM32F4xx_HAL/Src/stm32f4xx_hal_spi.c.obj
LOAD CMakeFiles/STM32F405.elf.dir/ThirdParty/STM32F4xx_HAL/Src/stm32f4xx_hal_sram.c.obj
LOAD CMakeFiles/STM32F405.elf.dir/ThirdParty/STM32F4xx_HAL/Src/stm32f4xx_hal_tim.c.obj
LOAD CMakeFiles/STM32F405.elf.dir/ThirdParty/STM32F4xx_HAL/Src/stm32f4xx_hal_tim_ex.c.obj
LOAD CMakeFiles/STM32F405.elf.dir/ThirdParty/STM32F4xx_HAL/Src/stm32f4xx_hal_uart.c.obj
LOAD CMakeFiles/STM32F405.elf.dir/ThirdParty/STM32F4xx_HAL/Src/stm32f4xx_hal_usart.c.obj
LOAD CMakeFiles/STM32F405.elf.dir/ThirdParty/STM32F4xx_HAL/Src/stm32f4xx_hal_wwdg.c.obj
LOAD CMakeFiles/STM32F405.elf.dir/ThirdParty/STM32F4xx_HAL/Src/stm32f4xx_ll_fmc.c.obj
LOAD CMakeFiles/STM32F405.elf.dir/ThirdParty/STM32F4xx_HAL/Src/stm32f4xx_ll_fsmc.c.obj
LOAD CMakeFiles/STM32F405.elf.dir/ThirdParty/STM32F4xx_HAL/Src/stm32f4xx_ll_sdmmc.c.obj
LOAD CMakeFiles/STM32F405.elf.dir/ThirdParty/STM32F4xx_HAL/Src/stm32f4xx_ll_usb.c.obj
LOAD CMakeFiles/STM32F405.elf.dir/ThirdParty/startup/startup_stm32f405xx.s.obj
LOAD /home/hohokam/.local/opt/xpack-arm-none-eabi-gcc-10.3.1-2.3/bin/../lib/gcc/arm-none-eabi/10.3.1/../../../../arm-none-eabi/lib/thumb/v7e-m/nofp/libstdc++_nano.a
LOAD /home/hohokam/.local/opt/xpack-arm-none-eabi-gcc-10.3.1-2.3/bin/../lib/gcc/arm-none-eabi/10.3.1/../../../../arm-none-eabi/lib/thumb/v7e-m/nofp/libm.a
START GROUP
LOAD /home/hohokam/.local/opt/xpack-arm-none-eabi-gcc-10.3.1-2.3/bin/../lib/gcc/arm-none-eabi/10.3.1/thumb/v7e-m/nofp/libgcc.a
LOAD /home/hohokam/.local/opt/xpack-arm-none-eabi-gcc-10.3.1-2.3/bin/../lib/gcc/arm-none-eabi/10.3.1/../../../../arm-none-eabi/lib/thumb/v7e-m/nofp/libg_nano.a
LOAD /home/hohokam/.local/opt/xpack-arm-none-eabi-gcc-10.3.1-2.3/bin/../lib/gcc/arm-none-eabi/10.3.1/../../../../arm-none-eabi/lib/thumb/v7e-m/nofp/libc_nano.a
END GROUP
START GROUP
LOAD /home/hohokam/.local/opt/xpack-arm-none-eabi-gcc-10.3.1-2.3/bin/../lib/gcc/arm-none-eabi/10.3.1/thumb/v7e-m/nofp/libgcc.a
LOAD /home/hohokam/.local/opt/xpack-arm-none-eabi-gcc-10.3.1-2.3/bin/../lib/gcc/arm-none-eabi/10.3.1/../../../../arm-none-eabi/lib/thumb/v7e-m/nofp/libc_nano.a
LOAD /home/hohokam/.local/opt/xpack-arm-none-eabi-gcc-10.3.1-2.3/bin/../lib/gcc/arm-none-eabi/10.3.1/../../../../arm-none-eabi/lib/thumb/v7e-m/nofp/libnosys.a
END GROUP
START GROUP
LOAD /home/hohokam/.local/opt/xpack-arm-none-eabi-gcc-10.3.1-2.3/bin/../lib/gcc/arm-none-eabi/10.3.1/thumb/v7e-m/nofp/libgcc.a
LOAD /home/hohokam/.local/opt/xpack-arm-none-eabi-gcc-10.3.1-2.3/bin/../lib/gcc/arm-none-eabi/10.3.1/../../../../arm-none-eabi/lib/thumb/v7e-m/nofp/libc_nano.a
LOAD /home/hohokam/.local/opt/xpack-arm-none-eabi-gcc-10.3.1-2.3/bin/../lib/gcc/arm-none-eabi/10.3.1/../../../../arm-none-eabi/lib/thumb/v7e-m/nofp/libnosys.a
END GROUP
LOAD /home/hohokam/.local/opt/xpack-arm-none-eabi-gcc-10.3.1-2.3/bin/../lib/gcc/arm-none-eabi/10.3.1/thumb/v7e-m/nofp/crtend.o
LOAD /home/hohokam/.local/opt/xpack-arm-none-eabi-gcc-10.3.1-2.3/bin/../lib/gcc/arm-none-eabi/10.3.1/thumb/v7e-m/nofp/crtn.o
                0x0000000020020000                _estack = (ORIGIN (RAM) + LENGTH (RAM))
                0x0000000000000200                _Min_Heap_Size = 0x200
                0x0000000000000400                _Min_Stack_Size = 0x400

.isr_vector     0x0000000008000000      0x188
                0x0000000008000000                . = ALIGN (0x4)
 *(.isr_vector)
 .isr_vector    0x0000000008000000      0x188 CMakeFiles/STM32F405.elf.dir/ThirdParty/startup/startup_stm32f405xx.s.obj
                0x0000000008000000                g_pfnVectors
                0x0000000008000188                . = ALIGN (0x4)

.text           0x0000000008000190     0xbc58
                0x0000000008000190                . = ALIGN (0x4)
 *(.text)
 .text          0x0000000008000190      0x378 /home/hohokam/.local/opt/xpack-arm-none-eabi-gcc-10.3.1-2.3/bin/../lib/gcc/arm-none-eabi/10.3.1/thumb/v7e-m/nofp/libgcc.a(_arm_addsubdf3.o)
                0x0000000008000190                __aeabi_drsub
                0x0000000008000198                __aeabi_dsub
                0x0000000008000198                __subdf3
                0x000000000800019c                __adddf3
                0x000000000800019c                __aeabi_dadd
                0x0000000008000414                __aeabi_ui2d
                0x0000000008000414                __floatunsidf
                0x0000000008000434                __floatsidf
                0x0000000008000434                __aeabi_i2d
                0x0000000008000458                __extendsfdf2
                0x0000000008000458                __aeabi_f2d
                0x000000000800049c                __aeabi_ul2d
                0x000000000800049c                __floatundidf
                0x00000000080004ac                __floatdidf
                0x00000000080004ac                __aeabi_l2d
 .text          0x0000000008000508      0x110 /home/hohokam/.local/opt/xpack-arm-none-eabi-gcc-10.3.1-2.3/bin/../lib/gcc/arm-none-eabi/10.3.1/thumb/v7e-m/nofp/libgcc.a(_arm_cmpdf2.o)
                0x0000000008000508                __gtdf2
                0x0000000008000508                __gedf2
                0x0000000008000510                __ltdf2
                0x0000000008000510                __ledf2
                0x0000000008000518                __cmpdf2
                0x0000000008000518                __eqdf2
                0x0000000008000518                __nedf2
                0x0000000008000594                __aeabi_cdrcmple
                0x00000000080005a4                __aeabi_cdcmple
                0x00000000080005a4                __aeabi_cdcmpeq
                0x00000000080005b4                __aeabi_dcmpeq
                0x00000000080005c8                __aeabi_dcmplt
                0x00000000080005dc                __aeabi_dcmple
                0x00000000080005f0                __aeabi_dcmpge
                0x0000000008000604                __aeabi_dcmpgt
 .text          0x0000000008000618      0x21c /home/hohokam/.local/opt/xpack-arm-none-eabi-gcc-10.3.1-2.3/bin/../lib/gcc/arm-none-eabi/10.3.1/thumb/v7e-m/nofp/libgcc.a(_arm_addsubsf3.o)
                0x0000000008000618                __aeabi_frsub
                0x0000000008000620                __subsf3
                0x0000000008000620                __aeabi_fsub
                0x0000000008000624                __aeabi_fadd
                0x0000000008000624                __addsf3
                0x0000000008000784                __aeabi_ui2f
                0x0000000008000784                __floatunsisf
                0x000000000800078c                __aeabi_i2f
                0x000000000800078c                __floatsisf
                0x00000000080007a8                __floatundisf
                0x00000000080007a8                __aeabi_ul2f
                0x00000000080007b8                __floatdisf
                0x00000000080007b8                __aeabi_l2f
 .text          0x0000000008000834      0x2a0 /home/hohokam/.local/opt/xpack-arm-none-eabi-gcc-10.3.1-2.3/bin/../lib/gcc/arm-none-eabi/10.3.1/thumb/v7e-m/nofp/libgcc.a(_arm_muldivsf3.o)
                0x0000000008000834                __mulsf3
                0x0000000008000834                __aeabi_fmul
                0x000000000800099c                __divsf3
                0x000000000800099c                __aeabi_fdiv
 .text          0x0000000008000ad4       0xec /home/hohokam/.local/opt/xpack-arm-none-eabi-gcc-10.3.1-2.3/bin/../lib/gcc/arm-none-eabi/10.3.1/thumb/v7e-m/nofp/libgcc.a(_arm_cmpsf2.o)
                0x0000000008000ad4                __gtsf2
                0x0000000008000ad4                __gesf2
                0x0000000008000adc                __lesf2
                0x0000000008000adc                __ltsf2
                0x0000000008000ae4                __nesf2
                0x0000000008000ae4                __eqsf2
                0x0000000008000ae4                __cmpsf2
                0x0000000008000b44                __aeabi_cfrcmple
                0x0000000008000b4c                __aeabi_cfcmple
                0x0000000008000b4c                __aeabi_cfcmpeq
                0x0000000008000b5c                __aeabi_fcmpeq
                0x0000000008000b70                __aeabi_fcmplt
                0x0000000008000b84                __aeabi_fcmple
                0x0000000008000b98                __aeabi_fcmpge
                0x0000000008000bac                __aeabi_fcmpgt
 .text          0x0000000008000bc0       0x4c /home/hohokam/.local/opt/xpack-arm-none-eabi-gcc-10.3.1-2.3/bin/../lib/gcc/arm-none-eabi/10.3.1/thumb/v7e-m/nofp/libgcc.a(_arm_fixsfsi.o)
                0x0000000008000bc0                __fixsfsi
                0x0000000008000bc0                __aeabi_f2iz
 .text          0x0000000008000c0c       0x40 /home/hohokam/.local/opt/xpack-arm-none-eabi-gcc-10.3.1-2.3/bin/../lib/gcc/arm-none-eabi/10.3.1/thumb/v7e-m/nofp/libgcc.a(_arm_fixunssfsi.o)
                0x0000000008000c0c                __aeabi_f2uiz
                0x0000000008000c0c                __fixunssfsi
 *(.text*)
 .text.__do_global_dtors_aux
                0x0000000008000c4c       0x24 /home/hohokam/.local/opt/xpack-arm-none-eabi-gcc-10.3.1-2.3/bin/../lib/gcc/arm-none-eabi/10.3.1/thumb/v7e-m/nofp/crtbegin.o
 .text.frame_dummy
                0x0000000008000c70       0x1c /home/hohokam/.local/opt/xpack-arm-none-eabi-gcc-10.3.1-2.3/bin/../lib/gcc/arm-none-eabi/10.3.1/thumb/v7e-m/nofp/crtbegin.o
 .text._ZN5DELAY8delay_usEm
                0x0000000008000c8c       0x78 CMakeFiles/STM32F405.elf.dir/STM32F405/HTmotor.cpp.obj
                0x0000000008000c8c                DELAY::delay_us(unsigned long)
 .text._ZN5DELAY8delay_msEm
                0x0000000008000d04       0x64 CMakeFiles/STM32F405.elf.dir/STM32F405/HTmotor.cpp.obj
                0x0000000008000d04                DELAY::delay_ms(unsigned long)
 .text._ZN7DMMOTOR12State_DecodeE3CANPA8_h
                0x0000000008000d68      0x10c CMakeFiles/STM32F405.elf.dir/STM32F405/HTmotor.cpp.obj
                0x0000000008000d68                DMMOTOR::State_Decode(CAN, unsigned char (*) [8])
 .text._ZN7DMMOTOR16DMmotor_transmitEm
                0x0000000008000e74       0x34 CMakeFiles/STM32F405.elf.dir/STM32F405/HTmotor.cpp.obj
                0x0000000008000e74                DMMOTOR::DMmotor_transmit(unsigned long)
 .text._ZN7DMMOTOR11DMmotorinitEv
                0x0000000008000ea8       0x48 CMakeFiles/STM32F405.elf.dir/STM32F405/HTmotor.cpp.obj
                0x0000000008000ea8                DMMOTOR::DMmotorinit()
 .text._ZN7DMMOTOR18CanComm_ControlCmdE3CANhm
                0x0000000008000ef0       0x80 CMakeFiles/STM32F405.elf.dir/STM32F405/HTmotor.cpp.obj
                0x0000000008000ef0                DMMOTOR::CanComm_ControlCmd(CAN, unsigned char, unsigned long)
 .text._ZN7DMMOTOR13uint_to_floatEiffi
                0x0000000008000f70       0x60 CMakeFiles/STM32F405.elf.dir/STM32F405/HTmotor.cpp.obj
                0x0000000008000f70                DMMOTOR::uint_to_float(int, float, float, int)
 .text._ZN7DMMOTOR15DMmotor_OntimerE3CANffPh
                0x0000000008000fd0      0x1f0 CMakeFiles/STM32F405.elf.dir/STM32F405/HTmotor.cpp.obj
                0x0000000008000fd0                DMMOTOR::DMmotor_Ontimer(CAN, float, float, unsigned char*)
 .text._ZN5POWER4InitEP4UARTP13USART_TypeDefm
                0x00000000080011c0       0x44 CMakeFiles/STM32F405.elf.dir/STM32F405/Power_read.cpp.obj
                0x00000000080011c0                POWER::Init(UART*, USART_TypeDef*, unsigned long)
 .text._ZN5POWER4SendEv
                0x0000000008001204       0x30 CMakeFiles/STM32F405.elf.dir/STM32F405/Power_read.cpp.obj
                0x0000000008001204                POWER::Send()
 .text._ZN2RC4InitEP4UARTP13USART_TypeDefm
                0x0000000008001234       0x38 CMakeFiles/STM32F405.elf.dir/STM32F405/RC.cpp.obj
                0x0000000008001234                RC::Init(UART*, USART_TypeDef*, unsigned long)
 .text._ZN2RC4OnRCEv
                0x000000000800126c       0x22 CMakeFiles/STM32F405.elf.dir/STM32F405/RC.cpp.obj
                0x000000000800126c                RC::OnRC()
 .text._ZN2RC4OnPCEv
                0x000000000800128e       0x12 CMakeFiles/STM32F405.elf.dir/STM32F405/RC.cpp.obj
                0x000000000800128e                RC::OnPC()
 .text._ZN2RC6UpdateEv
                0x00000000080012a0       0x1c CMakeFiles/STM32F405.elf.dir/STM32F405/RC.cpp.obj
                0x00000000080012a0                RC::Update()
 .text._ZN2RC13RC_CheckStateEv
                0x00000000080012bc       0xf8 CMakeFiles/STM32F405.elf.dir/STM32F405/RC.cpp.obj
                0x00000000080012bc                RC::RC_CheckState()
 .text._ZN2RC10RC_ControlEv
                0x00000000080013b4      0x104 CMakeFiles/STM32F405.elf.dir/STM32F405/RC.cpp.obj
                0x00000000080013b4                RC::RC_Control()
 .text._ZN2RC6DecodeEv
                0x00000000080014b8      0x264 CMakeFiles/STM32F405.elf.dir/STM32F405/RC.cpp.obj
                0x00000000080014b8                RC::Decode()
 .text._ZN2RC10Shift_modeEv
                0x000000000800171c       0x30 CMakeFiles/STM32F405.elf.dir/STM32F405/RC.cpp.obj
                0x000000000800171c                RC::Shift_mode()
 .text.SysTick_Handler
                0x000000000800174c       0x6c CMakeFiles/STM32F405.elf.dir/STM32F405/STM32F405.cpp.obj
                0x000000000800174c                SysTick_Handler
 .text._Z17SystemClockConfigv
                0x00000000080017b8       0xf0 CMakeFiles/STM32F405.elf.dir/STM32F405/STM32F405.cpp.obj
                0x00000000080017b8                SystemClockConfig()
 .text._ZN5DELAY4InitEm
                0x00000000080018a8       0x74 CMakeFiles/STM32F405.elf.dir/STM32F405/STM32F405.cpp.obj
                0x00000000080018a8                DELAY::Init(unsigned long)
 .text._ZN3PIDC2Ev
                0x000000000800191c       0x64 CMakeFiles/STM32F405.elf.dir/STM32F405/STM32F405.cpp.obj
                0x000000000800191c                PID::PID()
                0x000000000800191c                PID::PID()
 .text._ZN3PIDC2Effff
                0x0000000008001980       0x60 CMakeFiles/STM32F405.elf.dir/STM32F405/STM32F405.cpp.obj
                0x0000000008001980                PID::PID(float, float, float, float)
                0x0000000008001980                PID::PID(float, float, float, float)
 .text._ZN7DMMOTORC2Em12FUCTION_MODE8POSITION
                0x00000000080019e0       0x74 CMakeFiles/STM32F405.elf.dir/STM32F405/STM32F405.cpp.obj
                0x00000000080019e0                DMMOTOR::DMMOTOR(unsigned long, FUCTION_MODE, POSITION)
                0x00000000080019e0                DMMOTOR::DMMOTOR(unsigned long, FUCTION_MODE, POSITION)
 .text._ZN3CANC2Ev
                0x0000000008001a54       0x30 CMakeFiles/STM32F405.elf.dir/STM32F405/STM32F405.cpp.obj
                0x0000000008001a54                CAN::CAN()
                0x0000000008001a54                CAN::CAN()
 .text._ZN4UARTC2Ev
                0x0000000008001a84       0x34 CMakeFiles/STM32F405.elf.dir/STM32F405/STM32F405.cpp.obj
                0x0000000008001a84                UART::UART()
                0x0000000008001a84                UART::UART()
 .text._ZN3IMU12AccelerationC2Ev
                0x0000000008001ab8       0x2c CMakeFiles/STM32F405.elf.dir/STM32F405/STM32F405.cpp.obj
                0x0000000008001ab8                IMU::Acceleration::Acceleration()
                0x0000000008001ab8                IMU::Acceleration::Acceleration()
 .text._ZN3IMUC2Ev
                0x0000000008001ae4       0x3c CMakeFiles/STM32F405.elf.dir/STM32F405/STM32F405.cpp.obj
                0x0000000008001ae4                IMU::IMU()
                0x0000000008001ae4                IMU::IMU()
 .text._ZN2RC2PCC2Ev
                0x0000000008001b20       0x1c CMakeFiles/STM32F405.elf.dir/STM32F405/STM32F405.cpp.obj
                0x0000000008001b20                RC::PC::PC()
                0x0000000008001b20                RC::PC::PC()
 .text._ZN2RCC2Ev
                0x0000000008001b3c       0x44 CMakeFiles/STM32F405.elf.dir/STM32F405/STM32F405.cpp.obj
                0x0000000008001b3c                RC::RC()
                0x0000000008001b3c                RC::RC()
 .text._ZN5POWERC2Ev
                0x0000000008001b80       0x46 CMakeFiles/STM32F405.elf.dir/STM32F405/STM32F405.cpp.obj
                0x0000000008001b80                POWER::POWER()
                0x0000000008001b80                POWER::POWER()
 .text._ZN4TASKC2Ev
                0x0000000008001bc6       0x1a CMakeFiles/STM32F405.elf.dir/STM32F405/STM32F405.cpp.obj
                0x0000000008001bc6                TASK::TASK()
                0x0000000008001bc6                TASK::TASK()
 .text._ZN7CONTROL7CHASSISC2Ev
                0x0000000008001be0       0x2c CMakeFiles/STM32F405.elf.dir/STM32F405/STM32F405.cpp.obj
                0x0000000008001be0                CONTROL::CHASSIS::CHASSIS()
                0x0000000008001be0                CONTROL::CHASSIS::CHASSIS()
 .text._ZN7CONTROL7PANTILEC2Ev
                0x0000000008001c0c       0x90 CMakeFiles/STM32F405.elf.dir/STM32F405/STM32F405.cpp.obj
                0x0000000008001c0c                CONTROL::PANTILE::PANTILE()
                0x0000000008001c0c                CONTROL::PANTILE::PANTILE()
 .text._ZN7CONTROL7SHOOTERC2Ev
                0x0000000008001c9c       0x48 CMakeFiles/STM32F405.elf.dir/STM32F405/STM32F405.cpp.obj
                0x0000000008001c9c                CONTROL::SHOOTER::SHOOTER()
                0x0000000008001c9c                CONTROL::SHOOTER::SHOOTER()
 .text._ZN7CONTROLC2Ev
                0x0000000008001ce4       0x60 CMakeFiles/STM32F405.elf.dir/STM32F405/STM32F405.cpp.obj
                0x0000000008001ce4                CONTROL::CONTROL()
                0x0000000008001ce4                CONTROL::CONTROL()
 .text._ZN9JudgementUt_Ut7_C2Ev
                0x0000000008001d44       0x1a CMakeFiles/STM32F405.elf.dir/STM32F405/STM32F405.cpp.obj
                0x0000000008001d44                Judgement::{unnamed type#1}::{unnamed type#9}::Judgement()
                0x0000000008001d44                Judgement::{unnamed type#1}::{unnamed type#9}::Judgement()
 .text._ZN9JudgementUt_C2Ev
                0x0000000008001d5e       0x1c CMakeFiles/STM32F405.elf.dir/STM32F405/STM32F405.cpp.obj
                0x0000000008001d5e                Judgement::{unnamed type#1}::Judgement()
                0x0000000008001d5e                Judgement::{unnamed type#1}::Judgement()
 .text._ZN9JudgementC2Ev
                0x0000000008001d7a       0xea CMakeFiles/STM32F405.elf.dir/STM32F405/STM32F405.cpp.obj
                0x0000000008001d7a                Judgement::Judgement()
                0x0000000008001d7a                Judgement::Judgement()
 .text._ZNSt12_Vector_baseIP5MotorSaIS1_EE12_Vector_implD2Ev
                0x0000000008001e64       0x18 CMakeFiles/STM32F405.elf.dir/STM32F405/STM32F405.cpp.obj
                0x0000000008001e64                std::_Vector_base<Motor*, std::allocator<Motor*> >::_Vector_impl::~_Vector_impl()
                0x0000000008001e64                std::_Vector_base<Motor*, std::allocator<Motor*> >::_Vector_impl::~_Vector_impl()
 .text.main     0x0000000008001e7c      0x198 CMakeFiles/STM32F405.elf.dir/STM32F405/STM32F405.cpp.obj
                0x0000000008001e7c                main
 .text._ZNSaIP5MotorEC2Ev
                0x0000000008002014       0x18 CMakeFiles/STM32F405.elf.dir/STM32F405/STM32F405.cpp.obj
                0x0000000008002014                std::allocator<Motor*>::allocator()
                0x0000000008002014                std::allocator<Motor*>::allocator()
 .text._ZNSaIP5MotorED2Ev
                0x000000000800202c       0x18 CMakeFiles/STM32F405.elf.dir/STM32F405/STM32F405.cpp.obj
                0x000000000800202c                std::allocator<Motor*>::~allocator()
                0x000000000800202c                std::allocator<Motor*>::~allocator()
 .text._ZNSt6vectorIP5MotorSaIS1_EEC2ESt16initializer_listIS1_ERKS2_
                0x0000000008002044       0x42 CMakeFiles/STM32F405.elf.dir/STM32F405/STM32F405.cpp.obj
                0x0000000008002044                std::vector<Motor*, std::allocator<Motor*> >::vector(std::initializer_list<Motor*>, std::allocator<Motor*> const&)
                0x0000000008002044                std::vector<Motor*, std::allocator<Motor*> >::vector(std::initializer_list<Motor*>, std::allocator<Motor*> const&)
 .text._ZNSt6vectorIP5MotorSaIS1_EED2Ev
                0x0000000008002086       0x36 CMakeFiles/STM32F405.elf.dir/STM32F405/STM32F405.cpp.obj
                0x0000000008002086                std::vector<Motor*, std::allocator<Motor*> >::~vector()
                0x0000000008002086                std::vector<Motor*, std::allocator<Motor*> >::~vector()
 .text._ZNSt12_Vector_baseIP5MotorSaIS1_EED2Ev
                0x00000000080020bc       0x32 CMakeFiles/STM32F405.elf.dir/STM32F405/STM32F405.cpp.obj
                0x00000000080020bc                std::_Vector_base<Motor*, std::allocator<Motor*> >::~_Vector_base()
                0x00000000080020bc                std::_Vector_base<Motor*, std::allocator<Motor*> >::~_Vector_base()
 .text._ZN9__gnu_cxx13new_allocatorIP5MotorEC2Ev
                0x00000000080020ee       0x14 CMakeFiles/STM32F405.elf.dir/STM32F405/STM32F405.cpp.obj
                0x00000000080020ee                __gnu_cxx::new_allocator<Motor*>::new_allocator()
                0x00000000080020ee                __gnu_cxx::new_allocator<Motor*>::new_allocator()
 .text._ZN9__gnu_cxx13new_allocatorIP5MotorED2Ev
                0x0000000008002102       0x14 CMakeFiles/STM32F405.elf.dir/STM32F405/STM32F405.cpp.obj
                0x0000000008002102                __gnu_cxx::new_allocator<Motor*>::~new_allocator()
                0x0000000008002102                __gnu_cxx::new_allocator<Motor*>::~new_allocator()
 .text._ZNSt12_Vector_baseIP5MotorSaIS1_EEC2ERKS2_
                0x0000000008002116       0x1e CMakeFiles/STM32F405.elf.dir/STM32F405/STM32F405.cpp.obj
                0x0000000008002116                std::_Vector_base<Motor*, std::allocator<Motor*> >::_Vector_base(std::allocator<Motor*> const&)
                0x0000000008002116                std::_Vector_base<Motor*, std::allocator<Motor*> >::_Vector_base(std::allocator<Motor*> const&)
 .text._ZNKSt16initializer_listIP5MotorE5beginEv
                0x0000000008002134       0x16 CMakeFiles/STM32F405.elf.dir/STM32F405/STM32F405.cpp.obj
                0x0000000008002134                std::initializer_list<Motor*>::begin() const
 .text._ZNKSt16initializer_listIP5MotorE3endEv
                0x000000000800214a       0x24 CMakeFiles/STM32F405.elf.dir/STM32F405/STM32F405.cpp.obj
                0x000000000800214a                std::initializer_list<Motor*>::end() const
 .text._ZNSt6vectorIP5MotorSaIS1_EE19_M_range_initializeIPKS1_EEvT_S7_St20forward_iterator_tag
                0x000000000800216e       0x72 CMakeFiles/STM32F405.elf.dir/STM32F405/STM32F405.cpp.obj
                0x000000000800216e                void std::vector<Motor*, std::allocator<Motor*> >::_M_range_initialize<Motor* const*>(Motor* const*, Motor* const*, std::forward_iterator_tag)
 .text._ZNSt12_Vector_baseIP5MotorSaIS1_EE19_M_get_Tp_allocatorEv
                0x00000000080021e0       0x14 CMakeFiles/STM32F405.elf.dir/STM32F405/STM32F405.cpp.obj
                0x00000000080021e0                std::_Vector_base<Motor*, std::allocator<Motor*> >::_M_get_Tp_allocator()
 .text._ZSt8_DestroyIPP5MotorS1_EvT_S3_RSaIT0_E
                0x00000000080021f4       0x1c CMakeFiles/STM32F405.elf.dir/STM32F405/STM32F405.cpp.obj
                0x00000000080021f4                void std::_Destroy<Motor**, Motor*>(Motor**, Motor**, std::allocator<Motor*>&)
 .text._ZNSaIP5MotorEC2ERKS1_
                0x0000000008002210       0x1c CMakeFiles/STM32F405.elf.dir/STM32F405/STM32F405.cpp.obj
                0x0000000008002210                std::allocator<Motor*>::allocator(std::allocator<Motor*> const&)
                0x0000000008002210                std::allocator<Motor*>::allocator(std::allocator<Motor*> const&)
 .text._ZNSt12_Vector_baseIP5MotorSaIS1_EE13_M_deallocateEPS1_j
                0x000000000800222c       0x26 CMakeFiles/STM32F405.elf.dir/STM32F405/STM32F405.cpp.obj
                0x000000000800222c                std::_Vector_base<Motor*, std::allocator<Motor*> >::_M_deallocate(Motor**, unsigned int)
 .text._ZNSt12_Vector_baseIP5MotorSaIS1_EE12_Vector_implC2ERKS2_
                0x0000000008002252       0x24 CMakeFiles/STM32F405.elf.dir/STM32F405/STM32F405.cpp.obj
                0x0000000008002252                std::_Vector_base<Motor*, std::allocator<Motor*> >::_Vector_impl::_Vector_impl(std::allocator<Motor*> const&)
                0x0000000008002252                std::_Vector_base<Motor*, std::allocator<Motor*> >::_Vector_impl::_Vector_impl(std::allocator<Motor*> const&)
 .text._ZNKSt16initializer_listIP5MotorE4sizeEv
                0x0000000008002276       0x16 CMakeFiles/STM32F405.elf.dir/STM32F405/STM32F405.cpp.obj
                0x0000000008002276                std::initializer_list<Motor*>::size() const
 .text._ZSt8distanceIPKP5MotorENSt15iterator_traitsIT_E15difference_typeES5_S5_
                0x000000000800228c       0x28 CMakeFiles/STM32F405.elf.dir/STM32F405/STM32F405.cpp.obj
                0x000000000800228c                std::iterator_traits<Motor* const*>::difference_type std::distance<Motor* const*>(Motor* const*, Motor* const*)
 .text._ZNSt6vectorIP5MotorSaIS1_EE17_S_check_init_lenEjRKS2_
                0x00000000080022b4       0x50 CMakeFiles/STM32F405.elf.dir/STM32F405/STM32F405.cpp.obj
                0x00000000080022b4                std::vector<Motor*, std::allocator<Motor*> >::_S_check_init_len(unsigned int, std::allocator<Motor*> const&)
 .text._ZNSt12_Vector_baseIP5MotorSaIS1_EE11_M_allocateEj
                0x0000000008002304       0x28 CMakeFiles/STM32F405.elf.dir/STM32F405/STM32F405.cpp.obj
                0x0000000008002304                std::_Vector_base<Motor*, std::allocator<Motor*> >::_M_allocate(unsigned int)
 .text._ZSt22__uninitialized_copy_aIPKP5MotorPS1_S1_ET0_T_S6_S5_RSaIT1_E
                0x000000000800232c       0x22 CMakeFiles/STM32F405.elf.dir/STM32F405/STM32F405.cpp.obj
                0x000000000800232c                Motor** std::__uninitialized_copy_a<Motor* const*, Motor**, Motor*>(Motor* const*, Motor* const*, Motor**, std::allocator<Motor*>&)
 .text._ZSt8_DestroyIPP5MotorEvT_S3_
                0x000000000800234e       0x1a CMakeFiles/STM32F405.elf.dir/STM32F405/STM32F405.cpp.obj
                0x000000000800234e                void std::_Destroy<Motor**>(Motor**, Motor**)
 .text._ZN9__gnu_cxx13new_allocatorIP5MotorEC2ERKS3_
                0x0000000008002368       0x16 CMakeFiles/STM32F405.elf.dir/STM32F405/STM32F405.cpp.obj
                0x0000000008002368                __gnu_cxx::new_allocator<Motor*>::new_allocator(__gnu_cxx::new_allocator<Motor*> const&)
                0x0000000008002368                __gnu_cxx::new_allocator<Motor*>::new_allocator(__gnu_cxx::new_allocator<Motor*> const&)
 .text._ZNSt16allocator_traitsISaIP5MotorEE10deallocateERS2_PS1_j
                0x000000000800237e       0x1e CMakeFiles/STM32F405.elf.dir/STM32F405/STM32F405.cpp.obj
                0x000000000800237e                std::allocator_traits<std::allocator<Motor*> >::deallocate(std::allocator<Motor*>&, Motor**, unsigned int)
 .text._ZNSt12_Vector_baseIP5MotorSaIS1_EE17_Vector_impl_dataC2Ev
                0x000000000800239c       0x26 CMakeFiles/STM32F405.elf.dir/STM32F405/STM32F405.cpp.obj
                0x000000000800239c                std::_Vector_base<Motor*, std::allocator<Motor*> >::_Vector_impl_data::_Vector_impl_data()
                0x000000000800239c                std::_Vector_base<Motor*, std::allocator<Motor*> >::_Vector_impl_data::_Vector_impl_data()
 .text._ZSt19__iterator_categoryIPKP5MotorENSt15iterator_traitsIT_E17iterator_categoryERKS5_
                0x00000000080023c2       0x14 CMakeFiles/STM32F405.elf.dir/STM32F405/STM32F405.cpp.obj
                0x00000000080023c2                std::iterator_traits<Motor* const*>::iterator_category std::__iterator_category<Motor* const*>(Motor* const* const&)
 .text._ZSt10__distanceIPKP5MotorENSt15iterator_traitsIT_E15difference_typeES5_S5_St26random_access_iterator_tag
                0x00000000080023d6       0x1e CMakeFiles/STM32F405.elf.dir/STM32F405/STM32F405.cpp.obj
                0x00000000080023d6                std::iterator_traits<Motor* const*>::difference_type std::__distance<Motor* const*>(Motor* const*, Motor* const*, std::random_access_iterator_tag)
 .text._ZNSt6vectorIP5MotorSaIS1_EE11_S_max_sizeERKS2_
                0x00000000080023f4       0x34 CMakeFiles/STM32F405.elf.dir/STM32F405/STM32F405.cpp.obj
                0x00000000080023f4                std::vector<Motor*, std::allocator<Motor*> >::_S_max_size(std::allocator<Motor*> const&)
 .text._ZNSt16allocator_traitsISaIP5MotorEE8allocateERS2_j
                0x0000000008002428       0x1e CMakeFiles/STM32F405.elf.dir/STM32F405/STM32F405.cpp.obj
                0x0000000008002428                std::allocator_traits<std::allocator<Motor*> >::allocate(std::allocator<Motor*>&, unsigned int)
 .text._ZSt18uninitialized_copyIPKP5MotorPS1_ET0_T_S6_S5_
                0x0000000008002446       0x24 CMakeFiles/STM32F405.elf.dir/STM32F405/STM32F405.cpp.obj
                0x0000000008002446                Motor** std::uninitialized_copy<Motor* const*, Motor**>(Motor* const*, Motor* const*, Motor**)
 .text._ZNSt12_Destroy_auxILb1EE9__destroyIPP5MotorEEvT_S5_
                0x000000000800246a       0x14 CMakeFiles/STM32F405.elf.dir/STM32F405/STM32F405.cpp.obj
                0x000000000800246a                void std::_Destroy_aux<true>::__destroy<Motor**>(Motor**, Motor**)
 .text._ZN9__gnu_cxx13new_allocatorIP5MotorE10deallocateEPS2_j
                0x000000000800247e       0x20 CMakeFiles/STM32F405.elf.dir/STM32F405/STM32F405.cpp.obj
                0x000000000800247e                __gnu_cxx::new_allocator<Motor*>::deallocate(Motor**, unsigned int)
 .text._ZNSt16allocator_traitsISaIP5MotorEE8max_sizeERKS2_
                0x000000000800249e       0x18 CMakeFiles/STM32F405.elf.dir/STM32F405/STM32F405.cpp.obj
                0x000000000800249e                std::allocator_traits<std::allocator<Motor*> >::max_size(std::allocator<Motor*> const&)
 .text._ZSt3minIjERKT_S2_S2_
                0x00000000080024b6       0x26 CMakeFiles/STM32F405.elf.dir/STM32F405/STM32F405.cpp.obj
                0x00000000080024b6                unsigned int const& std::min<unsigned int>(unsigned int const&, unsigned int const&)
 .text._ZN9__gnu_cxx13new_allocatorIP5MotorE8allocateEjPKv
                0x00000000080024dc       0x3c CMakeFiles/STM32F405.elf.dir/STM32F405/STM32F405.cpp.obj
                0x00000000080024dc                __gnu_cxx::new_allocator<Motor*>::allocate(unsigned int, void const*)
 .text._ZNSt20__uninitialized_copyILb1EE13__uninit_copyIPKP5MotorPS3_EET0_T_S8_S7_
                0x0000000008002518       0x20 CMakeFiles/STM32F405.elf.dir/STM32F405/STM32F405.cpp.obj
                0x0000000008002518                Motor** std::__uninitialized_copy<true>::__uninit_copy<Motor* const*, Motor**>(Motor* const*, Motor* const*, Motor**)
 .text._ZNK9__gnu_cxx13new_allocatorIP5MotorE8max_sizeEv
                0x0000000008002538       0x18 CMakeFiles/STM32F405.elf.dir/STM32F405/STM32F405.cpp.obj
                0x0000000008002538                __gnu_cxx::new_allocator<Motor*>::max_size() const
 .text._ZNK9__gnu_cxx13new_allocatorIP5MotorE11_M_max_sizeEv
                0x0000000008002550       0x16 CMakeFiles/STM32F405.elf.dir/STM32F405/STM32F405.cpp.obj
                0x0000000008002550                __gnu_cxx::new_allocator<Motor*>::_M_max_size() const
 .text._ZSt4copyIPKP5MotorPS1_ET0_T_S6_S5_
                0x0000000008002566       0x30 CMakeFiles/STM32F405.elf.dir/STM32F405/STM32F405.cpp.obj
                0x0000000008002566                Motor** std::copy<Motor* const*, Motor**>(Motor* const*, Motor* const*, Motor**)
 .text._ZSt12__miter_baseIPKP5MotorET_S4_
                0x0000000008002596       0x14 CMakeFiles/STM32F405.elf.dir/STM32F405/STM32F405.cpp.obj
                0x0000000008002596                Motor* const* std::__miter_base<Motor* const*>(Motor* const*)
 .text._ZSt13__copy_move_aILb0EPKP5MotorPS1_ET1_T0_S6_S5_
                0x00000000080025aa       0x46 CMakeFiles/STM32F405.elf.dir/STM32F405/STM32F405.cpp.obj
                0x00000000080025aa                Motor** std::__copy_move_a<false, Motor* const*, Motor**>(Motor* const*, Motor* const*, Motor**)
 .text._ZSt12__niter_baseIPKP5MotorET_S4_
                0x00000000080025f0       0x14 CMakeFiles/STM32F405.elf.dir/STM32F405/STM32F405.cpp.obj
                0x00000000080025f0                Motor* const* std::__niter_base<Motor* const*>(Motor* const*)
 .text._ZSt12__niter_baseIPP5MotorET_S3_
                0x0000000008002604       0x14 CMakeFiles/STM32F405.elf.dir/STM32F405/STM32F405.cpp.obj
                0x0000000008002604                Motor** std::__niter_base<Motor**>(Motor**)
 .text._ZSt14__copy_move_a1ILb0EPKP5MotorPS1_ET1_T0_S6_S5_
                0x0000000008002618       0x20 CMakeFiles/STM32F405.elf.dir/STM32F405/STM32F405.cpp.obj
                0x0000000008002618                Motor** std::__copy_move_a1<false, Motor* const*, Motor**>(Motor* const*, Motor* const*, Motor**)
 .text._ZSt12__niter_wrapIPP5MotorET_RKS3_S3_
                0x0000000008002638       0x16 CMakeFiles/STM32F405.elf.dir/STM32F405/STM32F405.cpp.obj
                0x0000000008002638                Motor** std::__niter_wrap<Motor**>(Motor** const&, Motor**)
 .text._ZSt14__copy_move_a2ILb0EPKP5MotorPS1_ET1_T0_S6_S5_
                0x000000000800264e       0x20 CMakeFiles/STM32F405.elf.dir/STM32F405/STM32F405.cpp.obj
                0x000000000800264e                Motor** std::__copy_move_a2<false, Motor* const*, Motor**>(Motor* const*, Motor* const*, Motor**)
 .text._ZNSt11__copy_moveILb0ELb1ESt26random_access_iterator_tagE8__copy_mIP5MotorEEPT_PKS5_S8_S6_
                0x000000000800266e       0x3a CMakeFiles/STM32F405.elf.dir/STM32F405/STM32F405.cpp.obj
                0x000000000800266e                Motor** std::__copy_move<false, true, std::random_access_iterator_tag>::__copy_m<Motor*>(Motor* const*, Motor* const*, Motor**)
 .text._Z41__static_initialization_and_destruction_0ii
                0x00000000080026a8      0x590 CMakeFiles/STM32F405.elf.dir/STM32F405/STM32F405.cpp.obj
 .text._GLOBAL__sub_I_SysTick_Handler
                0x0000000008002c38       0x10 CMakeFiles/STM32F405.elf.dir/STM32F405/STM32F405.cpp.obj
 .text._ZN3CAN4InitEP11CAN_TypeDef
                0x0000000008002c48       0x9c CMakeFiles/STM32F405.elf.dir/STM32F405/can.cpp.obj
                0x0000000008002c48                CAN::Init(CAN_TypeDef*)
 .text._ZN3CAN10InitFilterEv
                0x0000000008002ce4       0x88 CMakeFiles/STM32F405.elf.dir/STM32F405/can.cpp.obj
                0x0000000008002ce4                CAN::InitFilter()
 .text.HAL_CAN_MspInit
                0x0000000008002d6c      0x130 CMakeFiles/STM32F405.elf.dir/STM32F405/can.cpp.obj
                0x0000000008002d6c                HAL_CAN_MspInit
 .text._ZN3CAN8TransmitEmPKhh
                0x0000000008002e9c       0x62 CMakeFiles/STM32F405.elf.dir/STM32F405/can.cpp.obj
                0x0000000008002e9c                CAN::Transmit(unsigned long, unsigned char const*, unsigned char)
 *fill*         0x0000000008002efe        0x2 
 .text.HAL_CAN_RxCpltCallback
                0x0000000008002f00       0x98 CMakeFiles/STM32F405.elf.dir/STM32F405/can.cpp.obj
                0x0000000008002f00                HAL_CAN_RxCpltCallback
 .text.CAN1_TX_IRQHandler
                0x0000000008002f98       0x14 CMakeFiles/STM32F405.elf.dir/STM32F405/can.cpp.obj
                0x0000000008002f98                CAN1_TX_IRQHandler
 .text.CAN1_RX0_IRQHandler
                0x0000000008002fac       0x14 CMakeFiles/STM32F405.elf.dir/STM32F405/can.cpp.obj
                0x0000000008002fac                CAN1_RX0_IRQHandler
 .text.CAN2_TX_IRQHandler
                0x0000000008002fc0       0x14 CMakeFiles/STM32F405.elf.dir/STM32F405/can.cpp.obj
                0x0000000008002fc0                CAN2_TX_IRQHandler
 .text.CAN2_RX0_IRQHandler
                0x0000000008002fd4       0x14 CMakeFiles/STM32F405.elf.dir/STM32F405/can.cpp.obj
                0x0000000008002fd4                CAN2_RX0_IRQHandler
 .text._ZN7CONTROL4InitESt6vectorIP5MotorSaIS2_EE
                0x0000000008002fe8      0x134 CMakeFiles/STM32F405.elf.dir/STM32F405/control.cpp.obj
                0x0000000008002fe8                CONTROL::Init(std::vector<Motor*, std::allocator<Motor*> >)
 .text._ZN7CONTROL7CHASSIS6UpdateEv
                0x000000000800311c       0x12 CMakeFiles/STM32F405.elf.dir/STM32F405/control.cpp.obj
                0x000000000800311c                CONTROL::CHASSIS::Update()
 .text._ZNKSt6vectorIP5MotorSaIS1_EE4sizeEv
                0x000000000800312e       0x1e CMakeFiles/STM32F405.elf.dir/STM32F405/control.cpp.obj
                0x000000000800312e                std::vector<Motor*, std::allocator<Motor*> >::size() const
 .text._ZNSt6vectorIP5MotorSaIS1_EEixEj
                0x000000000800314c       0x1e CMakeFiles/STM32F405.elf.dir/STM32F405/control.cpp.obj
                0x000000000800314c                std::vector<Motor*, std::allocator<Motor*> >::operator[](unsigned int)
 .text._ZL2R4Ph
                0x000000000800316a       0x1a CMakeFiles/STM32F405.elf.dir/STM32F405/imu.cpp.obj
 .text._ZN3IMU4InitEP4UARTP13USART_TypeDefm8IMU_TYPE
                0x0000000008003184       0x42 CMakeFiles/STM32F405.elf.dir/STM32F405/imu.cpp.obj
                0x0000000008003184                IMU::Init(UART*, USART_TypeDef*, unsigned long, IMU_TYPE)
 *fill*         0x00000000080031c6        0x2 
 .text._ZN3IMU6DecodeEv
                0x00000000080031c8      0x5d4 CMakeFiles/STM32F405.elf.dir/STM32F405/imu.cpp.obj
                0x00000000080031c8                IMU::Decode()
 .text._ZN3IMU5CheckEPhhm
                0x000000000800379c       0xea CMakeFiles/STM32F405.elf.dir/STM32F405/imu.cpp.obj
                0x000000000800379c                IMU::Check(unsigned char*, unsigned char, unsigned long)
 .text._ZN3IMU7getwordEhh
                0x0000000008003886       0x28 CMakeFiles/STM32F405.elf.dir/STM32F405/imu.cpp.obj
                0x0000000008003886                IMU::getword(unsigned char, unsigned char)
 *fill*         0x00000000080038ae        0x2 
 .text._ZN9PARAMETER4InitEv
                0x00000000080038b0       0x6c CMakeFiles/STM32F405.elf.dir/STM32F405/label.cpp.obj
                0x00000000080038b0                PARAMETER::Init()
 .text._ZN6KalmanC2Eff
                0x000000000800391c       0x54 CMakeFiles/STM32F405.elf.dir/STM32F405/motor.cpp.obj
                0x000000000800391c                Kalman::Kalman(float, float)
                0x000000000800391c                Kalman::Kalman(float, float)
 .text._ZN5MotorC2E10motor_type10motor_mode13function_typem3PIDS3_
                0x0000000008003970      0x168 CMakeFiles/STM32F405.elf.dir/STM32F405/motor.cpp.obj
                0x0000000008003970                Motor::Motor(motor_type, motor_mode, function_type, unsigned long, PID, PID)
                0x0000000008003970                Motor::Motor(motor_type, motor_mode, function_type, unsigned long, PID, PID)
 .text._ZN5MotorC2E10motor_type10motor_mode13function_typem3PID
                0x0000000008003ad8      0x158 CMakeFiles/STM32F405.elf.dir/STM32F405/motor.cpp.obj
                0x0000000008003ad8                Motor::Motor(motor_type, motor_mode, function_type, unsigned long, PID)
                0x0000000008003ad8                Motor::Motor(motor_type, motor_mode, function_type, unsigned long, PID)
 .text._ZN5Motor16StatusIdentifierEl
                0x0000000008003c30       0x6e CMakeFiles/STM32F405.elf.dir/STM32F405/motor.cpp.obj
                0x0000000008003c30                Motor::StatusIdentifier(long)
 *fill*         0x0000000008003c9e        0x2 
 .text._ZN5Motor7OntimerEPA8_hPh
                0x0000000008003ca0      0x214 CMakeFiles/STM32F405.elf.dir/STM32F405/motor.cpp.obj
                0x0000000008003ca0                Motor::Ontimer(unsigned char (*) [8], unsigned char*)
 .text._ZN5Motor17recorded_the_LapsEv
                0x0000000008003eb4       0x68 CMakeFiles/STM32F405.elf.dir/STM32F405/motor.cpp.obj
                0x0000000008003eb4                Motor::recorded_the_Laps()
 .text._ZN5Motor30GetDistanceFromMechanicalAngleEv
                0x0000000008003f1c       0x80 CMakeFiles/STM32F405.elf.dir/STM32F405/motor.cpp.obj
                0x0000000008003f1c                Motor::GetDistanceFromMechanicalAngle()
 .text._ZN5Motor6getmaxE10motor_type
                0x0000000008003f9c      0x100 CMakeFiles/STM32F405.elf.dir/STM32F405/motor.cpp.obj
                0x0000000008003f9c                Motor::getmax(motor_type)
 .text._ZN5Motor9getdeltaaEs
                0x000000000800409c       0x42 CMakeFiles/STM32F405.elf.dir/STM32F405/motor.cpp.obj
                0x000000000800409c                Motor::getdeltaa(short)
 .text._ZN5Motor7getwordEhh
                0x00000000080040de       0x2e CMakeFiles/STM32F405.elf.dir/STM32F405/motor.cpp.obj
                0x00000000080040de                Motor::getword(unsigned char, unsigned char)
 .text._ZN5Motor8setrangeEll
                0x000000000800410c       0x36 CMakeFiles/STM32F405.elf.dir/STM32F405/motor.cpp.obj
                0x000000000800410c                Motor::setrange(long, long)
 .text._ZSt3minIlERKT_S2_S2_
                0x0000000008004142       0x26 CMakeFiles/STM32F405.elf.dir/STM32F405/motor.cpp.obj
                0x0000000008004142                long const& std::min<long>(long const&, long const&)
 .text._ZSt3maxIlERKT_S2_S2_
                0x0000000008004168       0x26 CMakeFiles/STM32F405.elf.dir/STM32F405/motor.cpp.obj
                0x0000000008004168                long const& std::max<long>(long const&, long const&)
 *fill*         0x000000000800418e        0x2 
 .text.SystemInit
                0x0000000008004190       0x5c CMakeFiles/STM32F405.elf.dir/STM32F405/system_stm32f4xx.c.obj
                0x0000000008004190                SystemInit
 .text._ZN4TASK4InitEv
                0x00000000080041ec       0x34 CMakeFiles/STM32F405.elf.dir/STM32F405/taskslist.cpp.obj
                0x00000000080041ec                TASK::Init()
 .text._Z10start_taskPv
                0x0000000008004220       0xcc CMakeFiles/STM32F405.elf.dir/STM32F405/taskslist.cpp.obj
                0x0000000008004220                start_task(void*)
 .text._Z15MotorUpdateTaskPv
                0x00000000080042ec       0xf4 CMakeFiles/STM32F405.elf.dir/STM32F405/taskslist.cpp.obj
                0x00000000080042ec                MotorUpdateTask(void*)
 .text._Z15CanTransimtTaskPv
                0x00000000080043e0       0xb4 CMakeFiles/STM32F405.elf.dir/STM32F405/taskslist.cpp.obj
                0x00000000080043e0                CanTransimtTask(void*)
 .text._Z11ControlTaskPv
                0x0000000008004494       0x24 CMakeFiles/STM32F405.elf.dir/STM32F405/taskslist.cpp.obj
                0x0000000008004494                ControlTask(void*)
 .text._Z10DecodeTaskPv
                0x00000000080044b8       0x24 CMakeFiles/STM32F405.elf.dir/STM32F405/taskslist.cpp.obj
                0x00000000080044b8                DecodeTask(void*)
 .text._Z7ArmTaskPv
                0x00000000080044dc       0x24 CMakeFiles/STM32F405.elf.dir/STM32F405/taskslist.cpp.obj
                0x00000000080044dc                ArmTask(void*)
 .text._ZN3TIMeqEPK17TIM_HandleTypeDef
                0x0000000008004500       0x24 CMakeFiles/STM32F405.elf.dir/STM32F405/tim.cpp.obj
                0x0000000008004500                TIM::operator==(TIM_HandleTypeDef const*)
 .text._ZN3TIM4InitEmP11TIM_TypeDefm
                0x0000000008004524      0x12c CMakeFiles/STM32F405.elf.dir/STM32F405/tim.cpp.obj
                0x0000000008004524                TIM::Init(unsigned long, TIM_TypeDef*, unsigned long)
 .text.TIM2_IRQHandler
                0x0000000008004650       0x20 CMakeFiles/STM32F405.elf.dir/STM32F405/tim.cpp.obj
                0x0000000008004650                TIM2_IRQHandler
 .text.TIM3_IRQHandler
                0x0000000008004670       0x20 CMakeFiles/STM32F405.elf.dir/STM32F405/tim.cpp.obj
                0x0000000008004670                TIM3_IRQHandler
 .text.TIM4_IRQHandler
                0x0000000008004690       0x20 CMakeFiles/STM32F405.elf.dir/STM32F405/tim.cpp.obj
                0x0000000008004690                TIM4_IRQHandler
 .text._ZN3TIM8BaseInitEv
                0x00000000080046b0       0x48 CMakeFiles/STM32F405.elf.dir/STM32F405/tim.cpp.obj
                0x00000000080046b0                TIM::BaseInit()
 .text.HAL_TIM_Base_MspInit
                0x00000000080046f8       0xa8 CMakeFiles/STM32F405.elf.dir/STM32F405/tim.cpp.obj
                0x00000000080046f8                HAL_TIM_Base_MspInit
 .text.HAL_TIM_PeriodElapsedCallback
                0x00000000080047a0       0x28 CMakeFiles/STM32F405.elf.dir/STM32F405/tim.cpp.obj
                0x00000000080047a0                HAL_TIM_PeriodElapsedCallback
 .text.HAL_TIM_PWM_MspInit
                0x00000000080047c8       0x4c CMakeFiles/STM32F405.elf.dir/STM32F405/tim.cpp.obj
                0x00000000080047c8                HAL_TIM_PWM_MspInit
 .text.HAL_TIM_IC_MspInit
                0x0000000008004814       0x6c CMakeFiles/STM32F405.elf.dir/STM32F405/tim.cpp.obj
                0x0000000008004814                HAL_TIM_IC_MspInit
 .text.HAL_TIM_IC_CaptureCallback
                0x0000000008004880       0x68 CMakeFiles/STM32F405.elf.dir/STM32F405/tim.cpp.obj
                0x0000000008004880                HAL_TIM_IC_CaptureCallback
 .text._ZN4UART16DMAClearAllFlagsEP19__DMA_HandleTypeDef
                0x00000000080048e8      0x16c CMakeFiles/STM32F405.elf.dir/STM32F405/usart.cpp.obj
                0x00000000080048e8                UART::DMAClearAllFlags(__DMA_HandleTypeDef*)
 .text._ZN4UART4InitEP13USART_TypeDefm
                0x0000000008004a54       0x5a CMakeFiles/STM32F405.elf.dir/STM32F405/usart.cpp.obj
                0x0000000008004a54                UART::Init(USART_TypeDef*, unsigned long)
 .text._ZN4UART9DMATxInitEv
                0x0000000008004aae       0x7a CMakeFiles/STM32F405.elf.dir/STM32F405/usart.cpp.obj
                0x0000000008004aae                UART::DMATxInit()
 .text._ZN4UART9DMARxInitEPKhm
                0x0000000008004b28       0xbc CMakeFiles/STM32F405.elf.dir/STM32F405/usart.cpp.obj
                0x0000000008004b28                UART::DMARxInit(unsigned char const*, unsigned long)
 .text.HAL_UART_MspInit
                0x0000000008004be4      0x8f8 CMakeFiles/STM32F405.elf.dir/STM32F405/usart.cpp.obj
                0x0000000008004be4                HAL_UART_MspInit
 .text._ZN4UART15OnUARTITHandlerEv
                0x00000000080054dc       0xb6 CMakeFiles/STM32F405.elf.dir/STM32F405/usart.cpp.obj
                0x00000000080054dc                UART::OnUARTITHandler()
 .text._ZN4UART14OnDMAITHandlerEv
                0x0000000008005592       0x34 CMakeFiles/STM32F405.elf.dir/STM32F405/usart.cpp.obj
                0x0000000008005592                UART::OnDMAITHandler()
 *fill*         0x00000000080055c6        0x2 
 .text.USART1_IRQHandler
                0x00000000080055c8       0x14 CMakeFiles/STM32F405.elf.dir/STM32F405/usart.cpp.obj
                0x00000000080055c8                USART1_IRQHandler
 .text.USART2_IRQHandler
                0x00000000080055dc       0x14 CMakeFiles/STM32F405.elf.dir/STM32F405/usart.cpp.obj
                0x00000000080055dc                USART2_IRQHandler
 .text.USART3_IRQHandler
                0x00000000080055f0       0x14 CMakeFiles/STM32F405.elf.dir/STM32F405/usart.cpp.obj
                0x00000000080055f0                USART3_IRQHandler
 .text.UART4_IRQHandler
                0x0000000008005604       0x14 CMakeFiles/STM32F405.elf.dir/STM32F405/usart.cpp.obj
                0x0000000008005604                UART4_IRQHandler
 .text.UART5_IRQHandler
                0x0000000008005618       0x14 CMakeFiles/STM32F405.elf.dir/STM32F405/usart.cpp.obj
                0x0000000008005618                UART5_IRQHandler
 .text.USART6_IRQHandler
                0x000000000800562c       0x14 CMakeFiles/STM32F405.elf.dir/STM32F405/usart.cpp.obj
                0x000000000800562c                USART6_IRQHandler
 .text.DMA1_Stream2_IRQHandler
                0x0000000008005640        0xc CMakeFiles/STM32F405.elf.dir/STM32F405/usart.cpp.obj
                0x0000000008005640                DMA1_Stream2_IRQHandler
 .text.DMA1_Stream4_IRQHandler
                0x000000000800564c       0x14 CMakeFiles/STM32F405.elf.dir/STM32F405/usart.cpp.obj
                0x000000000800564c                DMA1_Stream4_IRQHandler
 .text._ZN4UART12UARTTransmitEPhm
                0x0000000008005660       0x28 CMakeFiles/STM32F405.elf.dir/STM32F405/usart.cpp.obj
                0x0000000008005660                UART::UARTTransmit(unsigned char*, unsigned long)
 .text._ZN8TxPacketC2Ev
                0x0000000008005688       0x24 CMakeFiles/STM32F405.elf.dir/STM32F405/xuc.cpp.obj
                0x0000000008005688                TxPacket::TxPacket()
                0x0000000008005688                TxPacket::TxPacket()
 .text._ZN8RxPacketC2Ev
                0x00000000080056ac       0x20 CMakeFiles/STM32F405.elf.dir/STM32F405/xuc.cpp.obj
                0x00000000080056ac                RxPacket::RxPacket()
                0x00000000080056ac                RxPacket::RxPacket()
 .text._ZN3XUCUt_C2Ev
                0x00000000080056cc       0x22 CMakeFiles/STM32F405.elf.dir/STM32F405/xuc.cpp.obj
                0x00000000080056cc                XUC::{unnamed type#1}::XUC()
                0x00000000080056cc                XUC::{unnamed type#1}::XUC()
 .text._ZN3XUCUt0_C2Ev
                0x00000000080056ee       0x24 CMakeFiles/STM32F405.elf.dir/STM32F405/xuc.cpp.obj
                0x00000000080056ee                XUC::{unnamed type#2}::XUC()
                0x00000000080056ee                XUC::{unnamed type#2}::XUC()
 *fill*         0x0000000008005712        0x2 
 .text._ZN3XUCC2Ev
                0x0000000008005714      0x100 CMakeFiles/STM32F405.elf.dir/STM32F405/xuc.cpp.obj
                0x0000000008005714                XUC::XUC()
                0x0000000008005714                XUC::XUC()
 .text._ZN3XUC4InitEP4UARTP13USART_TypeDefm
                0x0000000008005814       0x84 CMakeFiles/STM32F405.elf.dir/STM32F405/xuc.cpp.obj
                0x0000000008005814                XUC::Init(UART*, USART_TypeDef*, unsigned long)
 .text._Z41__static_initialization_and_destruction_0ii
                0x0000000008005898       0x2c CMakeFiles/STM32F405.elf.dir/STM32F405/xuc.cpp.obj
 .text._GLOBAL__sub_I_xuc
                0x00000000080058c4       0x10 CMakeFiles/STM32F405.elf.dir/STM32F405/xuc.cpp.obj
 .text.vListInitialise
                0x00000000080058d4       0x3e CMakeFiles/STM32F405.elf.dir/ThirdParty/FreeRTOS/Source/list.c.obj
                0x00000000080058d4                vListInitialise
 .text.vListInitialiseItem
                0x0000000008005912       0x18 CMakeFiles/STM32F405.elf.dir/ThirdParty/FreeRTOS/Source/list.c.obj
                0x0000000008005912                vListInitialiseItem
 .text.vListInsertEnd
                0x000000000800592a       0x46 CMakeFiles/STM32F405.elf.dir/ThirdParty/FreeRTOS/Source/list.c.obj
                0x000000000800592a                vListInsertEnd
 .text.vListInsert
                0x0000000008005970       0x70 CMakeFiles/STM32F405.elf.dir/ThirdParty/FreeRTOS/Source/list.c.obj
                0x0000000008005970                vListInsert
 .text.uxListRemove
                0x00000000080059e0       0x52 CMakeFiles/STM32F405.elf.dir/ThirdParty/FreeRTOS/Source/list.c.obj
                0x00000000080059e0                uxListRemove
 *fill*         0x0000000008005a32        0x2 
 .text.xQueueGenericReset
                0x0000000008005a34       0xd0 CMakeFiles/STM32F405.elf.dir/ThirdParty/FreeRTOS/Source/queue.c.obj
                0x0000000008005a34                xQueueGenericReset
 .text.xQueueGenericCreate
                0x0000000008005b04       0x6c CMakeFiles/STM32F405.elf.dir/ThirdParty/FreeRTOS/Source/queue.c.obj
                0x0000000008005b04                xQueueGenericCreate
 .text.prvInitialiseNewQueue
                0x0000000008005b70       0x46 CMakeFiles/STM32F405.elf.dir/ThirdParty/FreeRTOS/Source/queue.c.obj
 *fill*         0x0000000008005bb6        0x2 
 .text.xQueueGenericSend
                0x0000000008005bb8      0x1fc CMakeFiles/STM32F405.elf.dir/ThirdParty/FreeRTOS/Source/queue.c.obj
                0x0000000008005bb8                xQueueGenericSend
 .text.xQueueGenericSendFromISR
                0x0000000008005db4      0x136 CMakeFiles/STM32F405.elf.dir/ThirdParty/FreeRTOS/Source/queue.c.obj
                0x0000000008005db4                xQueueGenericSendFromISR
 *fill*         0x0000000008005eea        0x2 
 .text.xQueueReceive
                0x0000000008005eec      0x1c0 CMakeFiles/STM32F405.elf.dir/ThirdParty/FreeRTOS/Source/queue.c.obj
                0x0000000008005eec                xQueueReceive
 .text.prvCopyDataToQueue
                0x00000000080060ac       0xd4 CMakeFiles/STM32F405.elf.dir/ThirdParty/FreeRTOS/Source/queue.c.obj
 .text.prvCopyDataFromQueue
                0x0000000008006180       0x4c CMakeFiles/STM32F405.elf.dir/ThirdParty/FreeRTOS/Source/queue.c.obj
 .text.prvUnlockQueue
                0x00000000080061cc       0xa4 CMakeFiles/STM32F405.elf.dir/ThirdParty/FreeRTOS/Source/queue.c.obj
 .text.prvIsQueueEmpty
                0x0000000008006270       0x2c CMakeFiles/STM32F405.elf.dir/ThirdParty/FreeRTOS/Source/queue.c.obj
 .text.prvIsQueueFull
                0x000000000800629c       0x30 CMakeFiles/STM32F405.elf.dir/ThirdParty/FreeRTOS/Source/queue.c.obj
 .text.vQueueAddToRegistry
                0x00000000080062cc       0x50 CMakeFiles/STM32F405.elf.dir/ThirdParty/FreeRTOS/Source/queue.c.obj
                0x00000000080062cc                vQueueAddToRegistry
 .text.vQueueWaitForMessageRestricted
                0x000000000800631c       0x68 CMakeFiles/STM32F405.elf.dir/ThirdParty/FreeRTOS/Source/queue.c.obj
                0x000000000800631c                vQueueWaitForMessageRestricted
 .text.xTaskCreate
                0x0000000008006384       0x82 CMakeFiles/STM32F405.elf.dir/ThirdParty/FreeRTOS/Source/tasks.c.obj
                0x0000000008006384                xTaskCreate
 .text.prvInitialiseNewTask
                0x0000000008006406      0x11e CMakeFiles/STM32F405.elf.dir/ThirdParty/FreeRTOS/Source/tasks.c.obj
 .text.prvAddNewTaskToReadyList
                0x0000000008006524       0xe0 CMakeFiles/STM32F405.elf.dir/ThirdParty/FreeRTOS/Source/tasks.c.obj
 .text.vTaskDelete
                0x0000000008006604       0xe4 CMakeFiles/STM32F405.elf.dir/ThirdParty/FreeRTOS/Source/tasks.c.obj
                0x0000000008006604                vTaskDelete
 .text.vTaskDelayUntil
                0x00000000080066e8       0xfc CMakeFiles/STM32F405.elf.dir/ThirdParty/FreeRTOS/Source/tasks.c.obj
                0x00000000080066e8                vTaskDelayUntil
 .text.vTaskDelay
                0x00000000080067e4       0x68 CMakeFiles/STM32F405.elf.dir/ThirdParty/FreeRTOS/Source/tasks.c.obj
                0x00000000080067e4                vTaskDelay
 .text.vTaskStartScheduler
                0x000000000800684c       0x9c CMakeFiles/STM32F405.elf.dir/ThirdParty/FreeRTOS/Source/tasks.c.obj
                0x000000000800684c                vTaskStartScheduler
 .text.vTaskSuspendAll
                0x00000000080068e8       0x1c CMakeFiles/STM32F405.elf.dir/ThirdParty/FreeRTOS/Source/tasks.c.obj
                0x00000000080068e8                vTaskSuspendAll
 .text.xTaskResumeAll
                0x0000000008006904      0x13c CMakeFiles/STM32F405.elf.dir/ThirdParty/FreeRTOS/Source/tasks.c.obj
                0x0000000008006904                xTaskResumeAll
 .text.xTaskGetTickCount
                0x0000000008006a40       0x1c CMakeFiles/STM32F405.elf.dir/ThirdParty/FreeRTOS/Source/tasks.c.obj
                0x0000000008006a40                xTaskGetTickCount
 .text.xTaskIncrementTick
                0x0000000008006a5c      0x174 CMakeFiles/STM32F405.elf.dir/ThirdParty/FreeRTOS/Source/tasks.c.obj
                0x0000000008006a5c                xTaskIncrementTick
 .text.vTaskSwitchContext
                0x0000000008006bd0       0xb8 CMakeFiles/STM32F405.elf.dir/ThirdParty/FreeRTOS/Source/tasks.c.obj
                0x0000000008006bd0                vTaskSwitchContext
 .text.vTaskPlaceOnEventList
                0x0000000008006c88       0x48 CMakeFiles/STM32F405.elf.dir/ThirdParty/FreeRTOS/Source/tasks.c.obj
                0x0000000008006c88                vTaskPlaceOnEventList
 .text.vTaskPlaceOnEventListRestricted
                0x0000000008006cd0       0x58 CMakeFiles/STM32F405.elf.dir/ThirdParty/FreeRTOS/Source/tasks.c.obj
                0x0000000008006cd0                vTaskPlaceOnEventListRestricted
 .text.xTaskRemoveFromEventList
                0x0000000008006d28       0xc8 CMakeFiles/STM32F405.elf.dir/ThirdParty/FreeRTOS/Source/tasks.c.obj
                0x0000000008006d28                xTaskRemoveFromEventList
 .text.vTaskInternalSetTimeOutState
                0x0000000008006df0       0x2c CMakeFiles/STM32F405.elf.dir/ThirdParty/FreeRTOS/Source/tasks.c.obj
                0x0000000008006df0                vTaskInternalSetTimeOutState
 .text.xTaskCheckForTimeOut
                0x0000000008006e1c       0xc4 CMakeFiles/STM32F405.elf.dir/ThirdParty/FreeRTOS/Source/tasks.c.obj
                0x0000000008006e1c                xTaskCheckForTimeOut
 .text.vTaskMissedYield
                0x0000000008006ee0       0x18 CMakeFiles/STM32F405.elf.dir/ThirdParty/FreeRTOS/Source/tasks.c.obj
                0x0000000008006ee0                vTaskMissedYield
 .text.prvIdleTask
                0x0000000008006ef8       0x30 CMakeFiles/STM32F405.elf.dir/ThirdParty/FreeRTOS/Source/tasks.c.obj
 .text.prvInitialiseTaskLists
                0x0000000008006f28       0x80 CMakeFiles/STM32F405.elf.dir/ThirdParty/FreeRTOS/Source/tasks.c.obj
 .text.prvCheckTasksWaitingTermination
                0x0000000008006fa8       0x5c CMakeFiles/STM32F405.elf.dir/ThirdParty/FreeRTOS/Source/tasks.c.obj
 .text.prvDeleteTCB
                0x0000000008007004       0x20 CMakeFiles/STM32F405.elf.dir/ThirdParty/FreeRTOS/Source/tasks.c.obj
 .text.prvResetNextTaskUnblockTime
                0x0000000008007024       0x40 CMakeFiles/STM32F405.elf.dir/ThirdParty/FreeRTOS/Source/tasks.c.obj
 .text.xTaskGetSchedulerState
                0x0000000008007064       0x3c CMakeFiles/STM32F405.elf.dir/ThirdParty/FreeRTOS/Source/tasks.c.obj
                0x0000000008007064                xTaskGetSchedulerState
 .text.xTaskPriorityDisinherit
                0x00000000080070a0       0xdc CMakeFiles/STM32F405.elf.dir/ThirdParty/FreeRTOS/Source/tasks.c.obj
                0x00000000080070a0                xTaskPriorityDisinherit
 .text.prvAddCurrentTaskToDelayedList
                0x000000000800717c       0xa8 CMakeFiles/STM32F405.elf.dir/ThirdParty/FreeRTOS/Source/tasks.c.obj
 .text.xTimerCreateTimerTask
                0x0000000008007224       0x64 CMakeFiles/STM32F405.elf.dir/ThirdParty/FreeRTOS/Source/timers.c.obj
                0x0000000008007224                xTimerCreateTimerTask
 .text.xTimerGenericCommand
                0x0000000008007288       0x9c CMakeFiles/STM32F405.elf.dir/ThirdParty/FreeRTOS/Source/timers.c.obj
                0x0000000008007288                xTimerGenericCommand
 .text.prvProcessExpiredTimer
                0x0000000008007324       0x98 CMakeFiles/STM32F405.elf.dir/ThirdParty/FreeRTOS/Source/timers.c.obj
 .text.prvTimerTask
                0x00000000080073bc       0x24 CMakeFiles/STM32F405.elf.dir/ThirdParty/FreeRTOS/Source/timers.c.obj
 .text.prvProcessTimerOrBlockTask
                0x00000000080073e0       0x9c CMakeFiles/STM32F405.elf.dir/ThirdParty/FreeRTOS/Source/timers.c.obj
 .text.prvGetNextExpireTime
                0x000000000800747c       0x44 CMakeFiles/STM32F405.elf.dir/ThirdParty/FreeRTOS/Source/timers.c.obj
 .text.prvSampleTimeNow
                0x00000000080074c0       0x40 CMakeFiles/STM32F405.elf.dir/ThirdParty/FreeRTOS/Source/timers.c.obj
 .text.prvInsertTimerInActiveList
                0x0000000008007500       0x84 CMakeFiles/STM32F405.elf.dir/ThirdParty/FreeRTOS/Source/timers.c.obj
 .text.prvProcessReceivedCommands
                0x0000000008007584      0x1c4 CMakeFiles/STM32F405.elf.dir/ThirdParty/FreeRTOS/Source/timers.c.obj
 .text.prvSwitchTimerLists
                0x0000000008007748       0xc8 CMakeFiles/STM32F405.elf.dir/ThirdParty/FreeRTOS/Source/timers.c.obj
 .text.prvCheckForValidListAndQueue
                0x0000000008007810       0x6c CMakeFiles/STM32F405.elf.dir/ThirdParty/FreeRTOS/Source/timers.c.obj
 .text.pxPortInitialiseStack
                0x000000000800787c       0x58 CMakeFiles/STM32F405.elf.dir/ThirdParty/FreeRTOS/Source/portable/GCC/ARM_CM3/port.c.obj
                0x000000000800787c                pxPortInitialiseStack
 .text.prvTaskExitError
                0x00000000080078d4       0x58 CMakeFiles/STM32F405.elf.dir/ThirdParty/FreeRTOS/Source/portable/GCC/ARM_CM3/port.c.obj
 *fill*         0x000000000800792c        0x4 
 .text.SVC_Handler
                0x0000000008007930       0x28 CMakeFiles/STM32F405.elf.dir/ThirdParty/FreeRTOS/Source/portable/GCC/ARM_CM3/port.c.obj
                0x0000000008007930                SVC_Handler
 .text.prvPortStartFirstTask
                0x0000000008007958       0x20 CMakeFiles/STM32F405.elf.dir/ThirdParty/FreeRTOS/Source/portable/GCC/ARM_CM3/port.c.obj
 .text.xPortStartScheduler
                0x0000000008007978       0xe4 CMakeFiles/STM32F405.elf.dir/ThirdParty/FreeRTOS/Source/portable/GCC/ARM_CM3/port.c.obj
                0x0000000008007978                xPortStartScheduler
 .text.vPortEnterCritical
                0x0000000008007a5c       0x60 CMakeFiles/STM32F405.elf.dir/ThirdParty/FreeRTOS/Source/portable/GCC/ARM_CM3/port.c.obj
                0x0000000008007a5c                vPortEnterCritical
 .text.vPortExitCritical
                0x0000000008007abc       0x50 CMakeFiles/STM32F405.elf.dir/ThirdParty/FreeRTOS/Source/portable/GCC/ARM_CM3/port.c.obj
                0x0000000008007abc                vPortExitCritical
 *fill*         0x0000000008007b0c        0x4 
 .text.PendSV_Handler
                0x0000000008007b10       0x48 CMakeFiles/STM32F405.elf.dir/ThirdParty/FreeRTOS/Source/portable/GCC/ARM_CM3/port.c.obj
                0x0000000008007b10                PendSV_Handler
 .text.vPortSetupTimerInterrupt
                0x0000000008007b58       0x44 CMakeFiles/STM32F405.elf.dir/ThirdParty/FreeRTOS/Source/portable/GCC/ARM_CM3/port.c.obj
                0x0000000008007b58                vPortSetupTimerInterrupt
 .text.vPortValidateInterruptPriority
                0x0000000008007b9c       0x7c CMakeFiles/STM32F405.elf.dir/ThirdParty/FreeRTOS/Source/portable/GCC/ARM_CM3/port.c.obj
                0x0000000008007b9c                vPortValidateInterruptPriority
 .text.pvPortMalloc
                0x0000000008007c18      0x198 CMakeFiles/STM32F405.elf.dir/ThirdParty/FreeRTOS/Source/portable/MemMang/heap_4.c.obj
                0x0000000008007c18                pvPortMalloc
 .text.vPortFree
                0x0000000008007db0       0xc4 CMakeFiles/STM32F405.elf.dir/ThirdParty/FreeRTOS/Source/portable/MemMang/heap_4.c.obj
                0x0000000008007db0                vPortFree
 .text.prvHeapInit
                0x0000000008007e74       0xc4 CMakeFiles/STM32F405.elf.dir/ThirdParty/FreeRTOS/Source/portable/MemMang/heap_4.c.obj
 .text.prvInsertBlockIntoFreeList
                0x0000000008007f38       0xb0 CMakeFiles/STM32F405.elf.dir/ThirdParty/FreeRTOS/Source/portable/MemMang/heap_4.c.obj
 .text.HAL_Init
                0x0000000008007fe8       0x44 CMakeFiles/STM32F405.elf.dir/ThirdParty/STM32F4xx_HAL/Src/stm32f4xx_hal.c.obj
                0x0000000008007fe8                HAL_Init
 .text.HAL_MspInit
                0x000000000800802c       0x16 CMakeFiles/STM32F405.elf.dir/ThirdParty/STM32F4xx_HAL/Src/stm32f4xx_hal.c.obj
                0x000000000800802c                HAL_MspInit
 *fill*         0x0000000008008042        0x2 
 .text.HAL_InitTick
                0x0000000008008044       0x38 CMakeFiles/STM32F405.elf.dir/ThirdParty/STM32F4xx_HAL/Src/stm32f4xx_hal.c.obj
                0x0000000008008044                HAL_InitTick
 .text.HAL_IncTick
                0x000000000800807c       0x1c CMakeFiles/STM32F405.elf.dir/ThirdParty/STM32F4xx_HAL/Src/stm32f4xx_hal.c.obj
                0x000000000800807c                HAL_IncTick
 .text.HAL_GetTick
                0x0000000008008098       0x14 CMakeFiles/STM32F405.elf.dir/ThirdParty/STM32F4xx_HAL/Src/stm32f4xx_hal.c.obj
                0x0000000008008098                HAL_GetTick
 .text.HAL_CAN_Init
                0x00000000080080ac      0x254 CMakeFiles/STM32F405.elf.dir/ThirdParty/STM32F4xx_HAL/Src/stm32f4xx_hal_can.c.obj
                0x00000000080080ac                HAL_CAN_Init
 .text.HAL_CAN_ConfigFilter
                0x0000000008008300      0x194 CMakeFiles/STM32F405.elf.dir/ThirdParty/STM32F4xx_HAL/Src/stm32f4xx_hal_can.c.obj
                0x0000000008008300                HAL_CAN_ConfigFilter
 .text.HAL_CAN_Transmit
                0x0000000008008494      0x2f8 CMakeFiles/STM32F405.elf.dir/ThirdParty/STM32F4xx_HAL/Src/stm32f4xx_hal_can.c.obj
                0x0000000008008494                HAL_CAN_Transmit
 .text.HAL_CAN_Transmit_IT
                0x000000000800878c      0x2a6 CMakeFiles/STM32F405.elf.dir/ThirdParty/STM32F4xx_HAL/Src/stm32f4xx_hal_can.c.obj
                0x000000000800878c                HAL_CAN_Transmit_IT
 .text.HAL_CAN_Receive_IT
                0x0000000008008a32       0xf2 CMakeFiles/STM32F405.elf.dir/ThirdParty/STM32F4xx_HAL/Src/stm32f4xx_hal_can.c.obj
                0x0000000008008a32                HAL_CAN_Receive_IT
 .text.HAL_CAN_IRQHandler
                0x0000000008008b24      0x35c CMakeFiles/STM32F405.elf.dir/ThirdParty/STM32F4xx_HAL/Src/stm32f4xx_hal_can.c.obj
                0x0000000008008b24                HAL_CAN_IRQHandler
 .text.HAL_CAN_TxCpltCallback
                0x0000000008008e80       0x12 CMakeFiles/STM32F405.elf.dir/ThirdParty/STM32F4xx_HAL/Src/stm32f4xx_hal_can.c.obj
                0x0000000008008e80                HAL_CAN_TxCpltCallback
 .text.HAL_CAN_ErrorCallback
                0x0000000008008e92       0x12 CMakeFiles/STM32F405.elf.dir/ThirdParty/STM32F4xx_HAL/Src/stm32f4xx_hal_can.c.obj
                0x0000000008008e92                HAL_CAN_ErrorCallback
 .text.CAN_Transmit_IT
                0x0000000008008ea4       0xa2 CMakeFiles/STM32F405.elf.dir/ThirdParty/STM32F4xx_HAL/Src/stm32f4xx_hal_can.c.obj
 .text.CAN_Receive_IT
                0x0000000008008f46      0x23e CMakeFiles/STM32F405.elf.dir/ThirdParty/STM32F4xx_HAL/Src/stm32f4xx_hal_can.c.obj
 .text.NVIC_SetPriorityGrouping
                0x0000000008009184       0x48 CMakeFiles/STM32F405.elf.dir/ThirdParty/STM32F4xx_HAL/Src/stm32f4xx_hal_cortex.c.obj
 .text.NVIC_GetPriorityGrouping
                0x00000000080091cc       0x1c CMakeFiles/STM32F405.elf.dir/ThirdParty/STM32F4xx_HAL/Src/stm32f4xx_hal_cortex.c.obj
 .text.NVIC_EnableIRQ
                0x00000000080091e8       0x30 CMakeFiles/STM32F405.elf.dir/ThirdParty/STM32F4xx_HAL/Src/stm32f4xx_hal_cortex.c.obj
 .text.NVIC_SetPriority
                0x0000000008009218       0x54 CMakeFiles/STM32F405.elf.dir/ThirdParty/STM32F4xx_HAL/Src/stm32f4xx_hal_cortex.c.obj
 .text.NVIC_EncodePriority
                0x000000000800926c       0x64 CMakeFiles/STM32F405.elf.dir/ThirdParty/STM32F4xx_HAL/Src/stm32f4xx_hal_cortex.c.obj
 .text.SysTick_Config
                0x00000000080092d0       0x44 CMakeFiles/STM32F405.elf.dir/ThirdParty/STM32F4xx_HAL/Src/stm32f4xx_hal_cortex.c.obj
 .text.HAL_NVIC_SetPriorityGrouping
                0x0000000008009314       0x16 CMakeFiles/STM32F405.elf.dir/ThirdParty/STM32F4xx_HAL/Src/stm32f4xx_hal_cortex.c.obj
                0x0000000008009314                HAL_NVIC_SetPriorityGrouping
 .text.HAL_NVIC_SetPriority
                0x000000000800932a       0x38 CMakeFiles/STM32F405.elf.dir/ThirdParty/STM32F4xx_HAL/Src/stm32f4xx_hal_cortex.c.obj
                0x000000000800932a                HAL_NVIC_SetPriority
 .text.HAL_NVIC_EnableIRQ
                0x0000000008009362       0x1c CMakeFiles/STM32F405.elf.dir/ThirdParty/STM32F4xx_HAL/Src/stm32f4xx_hal_cortex.c.obj
                0x0000000008009362                HAL_NVIC_EnableIRQ
 .text.HAL_SYSTICK_Config
                0x000000000800937e       0x18 CMakeFiles/STM32F405.elf.dir/ThirdParty/STM32F4xx_HAL/Src/stm32f4xx_hal_cortex.c.obj
                0x000000000800937e                HAL_SYSTICK_Config
 *fill*         0x0000000008009396        0x2 
 .text.HAL_SYSTICK_CLKSourceConfig
                0x0000000008009398       0x38 CMakeFiles/STM32F405.elf.dir/ThirdParty/STM32F4xx_HAL/Src/stm32f4xx_hal_cortex.c.obj
                0x0000000008009398                HAL_SYSTICK_CLKSourceConfig
 .text.HAL_SYSTICK_IRQHandler
                0x00000000080093d0        0xc CMakeFiles/STM32F405.elf.dir/ThirdParty/STM32F4xx_HAL/Src/stm32f4xx_hal_cortex.c.obj
                0x00000000080093d0                HAL_SYSTICK_IRQHandler
 .text.HAL_SYSTICK_Callback
                0x00000000080093dc       0x16 CMakeFiles/STM32F405.elf.dir/ThirdParty/STM32F4xx_HAL/Src/stm32f4xx_hal_cortex.c.obj
                0x00000000080093dc                HAL_SYSTICK_Callback
 *fill*         0x00000000080093f2        0x2 
 .text.HAL_DMA_Init
                0x00000000080093f4       0xd8 CMakeFiles/STM32F405.elf.dir/ThirdParty/STM32F4xx_HAL/Src/stm32f4xx_hal_dma.c.obj
                0x00000000080093f4                HAL_DMA_Init
 .text.DMA_CalcBaseAndBitshift
                0x00000000080094cc       0x68 CMakeFiles/STM32F405.elf.dir/ThirdParty/STM32F4xx_HAL/Src/stm32f4xx_hal_dma.c.obj
 .text.HAL_GPIO_Init
                0x0000000008009534      0x344 CMakeFiles/STM32F405.elf.dir/ThirdParty/STM32F4xx_HAL/Src/stm32f4xx_hal_gpio.c.obj
                0x0000000008009534                HAL_GPIO_Init
 .text.HAL_RCC_OscConfig
                0x0000000008009878      0x490 CMakeFiles/STM32F405.elf.dir/ThirdParty/STM32F4xx_HAL/Src/stm32f4xx_hal_rcc.c.obj
                0x0000000008009878                HAL_RCC_OscConfig
 .text.HAL_RCC_ClockConfig
                0x0000000008009d08      0x324 CMakeFiles/STM32F405.elf.dir/ThirdParty/STM32F4xx_HAL/Src/stm32f4xx_hal_rcc.c.obj
                0x0000000008009d08                HAL_RCC_ClockConfig
 .text.HAL_RCC_GetSysClockFreq
                0x000000000800a02c      0x100 CMakeFiles/STM32F405.elf.dir/ThirdParty/STM32F4xx_HAL/Src/stm32f4xx_hal_rcc.c.obj
                0x000000000800a02c                HAL_RCC_GetSysClockFreq
 .text.HAL_RCC_GetHCLKFreq
                0x000000000800a12c       0x50 CMakeFiles/STM32F405.elf.dir/ThirdParty/STM32F4xx_HAL/Src/stm32f4xx_hal_rcc.c.obj
                0x000000000800a12c                HAL_RCC_GetHCLKFreq
 .text.HAL_RCC_GetPCLK1Freq
                0x000000000800a17c       0x44 CMakeFiles/STM32F405.elf.dir/ThirdParty/STM32F4xx_HAL/Src/stm32f4xx_hal_rcc.c.obj
                0x000000000800a17c                HAL_RCC_GetPCLK1Freq
 .text.HAL_RCC_GetPCLK2Freq
                0x000000000800a1c0       0x44 CMakeFiles/STM32F405.elf.dir/ThirdParty/STM32F4xx_HAL/Src/stm32f4xx_hal_rcc.c.obj
                0x000000000800a1c0                HAL_RCC_GetPCLK2Freq
 .text.HAL_TIM_Base_Init
                0x000000000800a204       0x56 CMakeFiles/STM32F405.elf.dir/ThirdParty/STM32F4xx_HAL/Src/stm32f4xx_hal_tim.c.obj
                0x000000000800a204                HAL_TIM_Base_Init
 .text.HAL_TIM_Base_Start_IT
                0x000000000800a25a       0x34 CMakeFiles/STM32F405.elf.dir/ThirdParty/STM32F4xx_HAL/Src/stm32f4xx_hal_tim.c.obj
                0x000000000800a25a                HAL_TIM_Base_Start_IT
 .text.HAL_TIM_PWM_Init
                0x000000000800a28e       0x56 CMakeFiles/STM32F405.elf.dir/ThirdParty/STM32F4xx_HAL/Src/stm32f4xx_hal_tim.c.obj
                0x000000000800a28e                HAL_TIM_PWM_Init
 .text.HAL_TIM_IC_Init
                0x000000000800a2e4       0x56 CMakeFiles/STM32F405.elf.dir/ThirdParty/STM32F4xx_HAL/Src/stm32f4xx_hal_tim.c.obj
                0x000000000800a2e4                HAL_TIM_IC_Init
 *fill*         0x000000000800a33a        0x2 
 .text.HAL_TIM_IC_Start_IT
                0x000000000800a33c       0xc0 CMakeFiles/STM32F405.elf.dir/ThirdParty/STM32F4xx_HAL/Src/stm32f4xx_hal_tim.c.obj
                0x000000000800a33c                HAL_TIM_IC_Start_IT
 .text.HAL_TIM_IRQHandler
                0x000000000800a3fc      0x210 CMakeFiles/STM32F405.elf.dir/ThirdParty/STM32F4xx_HAL/Src/stm32f4xx_hal_tim.c.obj
                0x000000000800a3fc                HAL_TIM_IRQHandler
 .text.HAL_TIM_IC_ConfigChannel
                0x000000000800a60c      0x138 CMakeFiles/STM32F405.elf.dir/ThirdParty/STM32F4xx_HAL/Src/stm32f4xx_hal_tim.c.obj
                0x000000000800a60c                HAL_TIM_IC_ConfigChannel
 .text.HAL_TIM_ConfigClockSource
                0x000000000800a744      0x1d6 CMakeFiles/STM32F405.elf.dir/ThirdParty/STM32F4xx_HAL/Src/stm32f4xx_hal_tim.c.obj
                0x000000000800a744                HAL_TIM_ConfigClockSource
 .text.HAL_TIM_OC_DelayElapsedCallback
                0x000000000800a91a       0x12 CMakeFiles/STM32F405.elf.dir/ThirdParty/STM32F4xx_HAL/Src/stm32f4xx_hal_tim.c.obj
                0x000000000800a91a                HAL_TIM_OC_DelayElapsedCallback
 .text.HAL_TIM_PWM_PulseFinishedCallback
                0x000000000800a92c       0x12 CMakeFiles/STM32F405.elf.dir/ThirdParty/STM32F4xx_HAL/Src/stm32f4xx_hal_tim.c.obj
                0x000000000800a92c                HAL_TIM_PWM_PulseFinishedCallback
 .text.HAL_TIM_TriggerCallback
                0x000000000800a93e       0x12 CMakeFiles/STM32F405.elf.dir/ThirdParty/STM32F4xx_HAL/Src/stm32f4xx_hal_tim.c.obj
                0x000000000800a93e                HAL_TIM_TriggerCallback
 .text.TIM_Base_SetConfig
                0x000000000800a950      0x150 CMakeFiles/STM32F405.elf.dir/ThirdParty/STM32F4xx_HAL/Src/stm32f4xx_hal_tim.c.obj
                0x000000000800a950                TIM_Base_SetConfig
 .text.TIM_TI1_SetConfig
                0x000000000800aaa0       0xf4 CMakeFiles/STM32F405.elf.dir/ThirdParty/STM32F4xx_HAL/Src/stm32f4xx_hal_tim.c.obj
                0x000000000800aaa0                TIM_TI1_SetConfig
 .text.TIM_CCxChannelCmd
                0x000000000800ab94       0x44 CMakeFiles/STM32F405.elf.dir/ThirdParty/STM32F4xx_HAL/Src/stm32f4xx_hal_tim.c.obj
                0x000000000800ab94                TIM_CCxChannelCmd
 .text.TIM_TI1_ConfigInputStage
                0x000000000800abd8       0x64 CMakeFiles/STM32F405.elf.dir/ThirdParty/STM32F4xx_HAL/Src/stm32f4xx_hal_tim.c.obj
 .text.TIM_TI2_SetConfig
                0x000000000800ac3c       0x80 CMakeFiles/STM32F405.elf.dir/ThirdParty/STM32F4xx_HAL/Src/stm32f4xx_hal_tim.c.obj
 .text.TIM_TI2_ConfigInputStage
                0x000000000800acbc       0x66 CMakeFiles/STM32F405.elf.dir/ThirdParty/STM32F4xx_HAL/Src/stm32f4xx_hal_tim.c.obj
 .text.TIM_TI3_SetConfig
                0x000000000800ad22       0x7e CMakeFiles/STM32F405.elf.dir/ThirdParty/STM32F4xx_HAL/Src/stm32f4xx_hal_tim.c.obj
 .text.TIM_TI4_SetConfig
                0x000000000800ada0       0x80 CMakeFiles/STM32F405.elf.dir/ThirdParty/STM32F4xx_HAL/Src/stm32f4xx_hal_tim.c.obj
 .text.TIM_ITRx_SetConfig
                0x000000000800ae20       0x3e CMakeFiles/STM32F405.elf.dir/ThirdParty/STM32F4xx_HAL/Src/stm32f4xx_hal_tim.c.obj
 .text.TIM_ETR_SetConfig
                0x000000000800ae5e       0x42 CMakeFiles/STM32F405.elf.dir/ThirdParty/STM32F4xx_HAL/Src/stm32f4xx_hal_tim.c.obj
 .text.HAL_TIMEx_MasterConfigSynchronization
                0x000000000800aea0       0x88 CMakeFiles/STM32F405.elf.dir/ThirdParty/STM32F4xx_HAL/Src/stm32f4xx_hal_tim_ex.c.obj
                0x000000000800aea0                HAL_TIMEx_MasterConfigSynchronization
 .text.HAL_TIMEx_CommutationCallback
                0x000000000800af28       0x12 CMakeFiles/STM32F405.elf.dir/ThirdParty/STM32F4xx_HAL/Src/stm32f4xx_hal_tim_ex.c.obj
                0x000000000800af28                HAL_TIMEx_CommutationCallback
 .text.HAL_TIMEx_BreakCallback
                0x000000000800af3a       0x12 CMakeFiles/STM32F405.elf.dir/ThirdParty/STM32F4xx_HAL/Src/stm32f4xx_hal_tim_ex.c.obj
                0x000000000800af3a                HAL_TIMEx_BreakCallback
 .text.HAL_UART_Init
                0x000000000800af4c       0x92 CMakeFiles/STM32F405.elf.dir/ThirdParty/STM32F4xx_HAL/Src/stm32f4xx_hal_uart.c.obj
                0x000000000800af4c                HAL_UART_Init
 .text.HAL_UART_Transmit
                0x000000000800afde      0x152 CMakeFiles/STM32F405.elf.dir/ThirdParty/STM32F4xx_HAL/Src/stm32f4xx_hal_uart.c.obj
                0x000000000800afde                HAL_UART_Transmit
 .text.HAL_UART_IRQHandler
                0x000000000800b130      0x20a CMakeFiles/STM32F405.elf.dir/ThirdParty/STM32F4xx_HAL/Src/stm32f4xx_hal_uart.c.obj
                0x000000000800b130                HAL_UART_IRQHandler
 .text.HAL_UART_TxCpltCallback
                0x000000000800b33a       0x12 CMakeFiles/STM32F405.elf.dir/ThirdParty/STM32F4xx_HAL/Src/stm32f4xx_hal_uart.c.obj
                0x000000000800b33a                HAL_UART_TxCpltCallback
 .text.HAL_UART_RxCpltCallback
                0x000000000800b34c       0x12 CMakeFiles/STM32F405.elf.dir/ThirdParty/STM32F4xx_HAL/Src/stm32f4xx_hal_uart.c.obj
                0x000000000800b34c                HAL_UART_RxCpltCallback
 .text.HAL_UART_ErrorCallback
                0x000000000800b35e       0x12 CMakeFiles/STM32F405.elf.dir/ThirdParty/STM32F4xx_HAL/Src/stm32f4xx_hal_uart.c.obj
                0x000000000800b35e                HAL_UART_ErrorCallback
 .text.UART_WaitOnFlagUntilTimeout
                0x000000000800b370      0x132 CMakeFiles/STM32F405.elf.dir/ThirdParty/STM32F4xx_HAL/Src/stm32f4xx_hal_uart.c.obj
 .text.UART_Transmit_IT
                0x000000000800b4a2       0xb8 CMakeFiles/STM32F405.elf.dir/ThirdParty/STM32F4xx_HAL/Src/stm32f4xx_hal_uart.c.obj
 .text.UART_EndTransmit_IT
                0x000000000800b55a       0x46 CMakeFiles/STM32F405.elf.dir/ThirdParty/STM32F4xx_HAL/Src/stm32f4xx_hal_uart.c.obj
 .text.UART_Receive_IT
                0x000000000800b5a0      0x126 CMakeFiles/STM32F405.elf.dir/ThirdParty/STM32F4xx_HAL/Src/stm32f4xx_hal_uart.c.obj
 *fill*         0x000000000800b6c6        0x2 
 .text.UART_SetConfig
                0x000000000800b6c8      0x2d8 CMakeFiles/STM32F405.elf.dir/ThirdParty/STM32F4xx_HAL/Src/stm32f4xx_hal_uart.c.obj
 .text.Reset_Handler
                0x000000000800b9a0       0x50 CMakeFiles/STM32F405.elf.dir/ThirdParty/startup/startup_stm32f405xx.s.obj
                0x000000000800b9a0                Reset_Handler
 .text.Default_Handler
                0x000000000800b9f0        0x2 CMakeFiles/STM32F405.elf.dir/ThirdParty/startup/startup_stm32f405xx.s.obj
                0x000000000800b9f0                RTC_Alarm_IRQHandler
                0x000000000800b9f0                HASH_RNG_IRQHandler
                0x000000000800b9f0                EXTI2_IRQHandler
                0x000000000800b9f0                TIM8_CC_IRQHandler
                0x000000000800b9f0                DebugMon_Handler
                0x000000000800b9f0                TIM1_CC_IRQHandler
                0x000000000800b9f0                DMA2_Stream5_IRQHandler
                0x000000000800b9f0                HardFault_Handler
                0x000000000800b9f0                DMA1_Stream5_IRQHandler
                0x000000000800b9f0                PVD_IRQHandler
                0x000000000800b9f0                SDIO_IRQHandler
                0x000000000800b9f0                TAMP_STAMP_IRQHandler
                0x000000000800b9f0                NMI_Handler
                0x000000000800b9f0                CAN2_RX1_IRQHandler
                0x000000000800b9f0                EXTI3_IRQHandler
                0x000000000800b9f0                TIM8_TRG_COM_TIM14_IRQHandler
                0x000000000800b9f0                TIM1_UP_TIM10_IRQHandler
                0x000000000800b9f0                TIM8_UP_TIM13_IRQHandler
                0x000000000800b9f0                I2C3_ER_IRQHandler
                0x000000000800b9f0                EXTI0_IRQHandler
                0x000000000800b9f0                I2C2_EV_IRQHandler
                0x000000000800b9f0                FPU_IRQHandler
                0x000000000800b9f0                OTG_HS_WKUP_IRQHandler
                0x000000000800b9f0                UsageFault_Handler
                0x000000000800b9f0                CAN2_SCE_IRQHandler
                0x000000000800b9f0                DMA2_Stream2_IRQHandler
                0x000000000800b9f0                SPI1_IRQHandler
                0x000000000800b9f0                TIM6_DAC_IRQHandler
                0x000000000800b9f0                TIM1_BRK_TIM9_IRQHandler
                0x000000000800b9f0                DMA2_Stream3_IRQHandler
                0x000000000800b9f0                CAN1_RX1_IRQHandler
                0x000000000800b9f0                DMA2_Stream0_IRQHandler
                0x000000000800b9f0                I2C1_EV_IRQHandler
                0x000000000800b9f0                DMA1_Stream6_IRQHandler
                0x000000000800b9f0                DMA1_Stream1_IRQHandler
                0x000000000800b9f0                RCC_IRQHandler
                0x000000000800b9f0                TIM8_BRK_TIM12_IRQHandler
                0x000000000800b9f0                Default_Handler
                0x000000000800b9f0                EXTI15_10_IRQHandler
                0x000000000800b9f0                ADC_IRQHandler
                0x000000000800b9f0                DMA1_Stream7_IRQHandler
                0x000000000800b9f0                TIM7_IRQHandler
                0x000000000800b9f0                TIM5_IRQHandler
                0x000000000800b9f0                DMA2_Stream7_IRQHandler
                0x000000000800b9f0                I2C3_EV_IRQHandler
                0x000000000800b9f0                EXTI9_5_IRQHandler
                0x000000000800b9f0                RTC_WKUP_IRQHandler
                0x000000000800b9f0                SPI2_IRQHandler
                0x000000000800b9f0                OTG_HS_EP1_IN_IRQHandler
                0x000000000800b9f0                MemManage_Handler
                0x000000000800b9f0                DMA1_Stream0_IRQHandler
                0x000000000800b9f0                EXTI4_IRQHandler
                0x000000000800b9f0                FSMC_IRQHandler
                0x000000000800b9f0                OTG_HS_EP1_OUT_IRQHandler
                0x000000000800b9f0                WWDG_IRQHandler
                0x000000000800b9f0                OTG_FS_WKUP_IRQHandler
                0x000000000800b9f0                TIM1_TRG_COM_TIM11_IRQHandler
                0x000000000800b9f0                OTG_HS_IRQHandler
                0x000000000800b9f0                EXTI1_IRQHandler
                0x000000000800b9f0                I2C2_ER_IRQHandler
                0x000000000800b9f0                DMA2_Stream1_IRQHandler
                0x000000000800b9f0                CAN1_SCE_IRQHandler
                0x000000000800b9f0                FLASH_IRQHandler
                0x000000000800b9f0                DMA2_Stream4_IRQHandler
                0x000000000800b9f0                BusFault_Handler
                0x000000000800b9f0                OTG_FS_IRQHandler
                0x000000000800b9f0                SPI3_IRQHandler
                0x000000000800b9f0                I2C1_ER_IRQHandler
                0x000000000800b9f0                DMA2_Stream6_IRQHandler
                0x000000000800b9f0                DMA1_Stream3_IRQHandler
 .text._ZdlPvj  0x000000000800b9f2        0x4 /home/hohokam/.local/opt/xpack-arm-none-eabi-gcc-10.3.1-2.3/bin/../lib/gcc/arm-none-eabi/10.3.1/../../../../arm-none-eabi/lib/thumb/v7e-m/nofp/libstdc++_nano.a(del_ops.o)
                0x000000000800b9f2                operator delete(void*, unsigned int)
 .text._Znwj    0x000000000800b9f6       0x22 /home/hohokam/.local/opt/xpack-arm-none-eabi-gcc-10.3.1-2.3/bin/../lib/gcc/arm-none-eabi/10.3.1/../../../../arm-none-eabi/lib/thumb/v7e-m/nofp/libstdc++_nano.a(new_op.o)
                0x000000000800b9f6                operator new(unsigned int)
 .text.unlikely._ZSt17__throw_bad_allocv
                0x000000000800ba18        0x6 /home/hohokam/.local/opt/xpack-arm-none-eabi-gcc-10.3.1-2.3/bin/../lib/gcc/arm-none-eabi/10.3.1/../../../../arm-none-eabi/lib/thumb/v7e-m/nofp/libstdc++_nano.a(functexcept.o)
                0x000000000800ba18                std::__throw_bad_alloc()
 .text.unlikely._ZSt20__throw_length_errorPKc
                0x000000000800ba1e        0x6 /home/hohokam/.local/opt/xpack-arm-none-eabi-gcc-10.3.1-2.3/bin/../lib/gcc/arm-none-eabi/10.3.1/../../../../arm-none-eabi/lib/thumb/v7e-m/nofp/libstdc++_nano.a(functexcept.o)
                0x000000000800ba1e                std::__throw_length_error(char const*)
 .text._ZdlPv   0x000000000800ba24        0x4 /home/hohokam/.local/opt/xpack-arm-none-eabi-gcc-10.3.1-2.3/bin/../lib/gcc/arm-none-eabi/10.3.1/../../../../arm-none-eabi/lib/thumb/v7e-m/nofp/libstdc++_nano.a(del_op.o)
                0x000000000800ba24                operator delete(void*)
 .text._ZSt15get_new_handlerv
                0x000000000800ba28       0x10 /home/hohokam/.local/opt/xpack-arm-none-eabi-gcc-10.3.1-2.3/bin/../lib/gcc/arm-none-eabi/10.3.1/../../../../arm-none-eabi/lib/thumb/v7e-m/nofp/libstdc++_nano.a(new_handler.o)
                0x000000000800ba28                std::get_new_handler()
 .text.abort    0x000000000800ba38        0xe /home/hohokam/.local/opt/xpack-arm-none-eabi-gcc-10.3.1-2.3/bin/../lib/gcc/arm-none-eabi/10.3.1/../../../../arm-none-eabi/lib/thumb/v7e-m/nofp/libg_nano.a(lib_a-abort.o)
                0x000000000800ba38                abort
 *fill*         0x000000000800ba46        0x2 
 .text.__libc_init_array
                0x000000000800ba48       0x48 /home/hohokam/.local/opt/xpack-arm-none-eabi-gcc-10.3.1-2.3/bin/../lib/gcc/arm-none-eabi/10.3.1/../../../../arm-none-eabi/lib/thumb/v7e-m/nofp/libg_nano.a(lib_a-init.o)